[1A[2K[WebServer] AssertionError [ERR_ASSERTION]: Unexpected error: no match for module: node:worker_threads.
[WebServer] [2m    at Object.unsafeModuleFallbackService (file:///Users/charles/htmlwk/ham-study/node_modules/@cloudflare/vite-plugin/src/miniflare-options.ts:440:5)[22m
[WebServer] [2m    at Server.#handleLoopback (/Users/charles/htmlwk/ham-study/node_modules/miniflare/src/index.ts:1228:44)[22m
[WebServer] [2m    at Server.emit (node:events:520:22)[22m
[WebServer] [2m    at Server.emit (node:domain:489:12)[22m
[WebServer] [2m    at parserOnIncoming (node:_http_server:1213:12)[22m
[WebServer] [2m    at HTTPParser.parserOnHeadersComplete (node:_http_common:125:17)[22m

[1A[2K[WebServer] Fallback service failed to fetch module; payload = AssertionError [ERR_ASSERTION]: Unexpected error: no match for module: node:worker_threads.
[WebServer]     at Object.unsafeModuleFallbackService (file:///Users/charles/htmlwk/ham-study/node_modules/@cloudflare/vite-plugin/src/miniflare-options.ts:440:5)
[WebServer]     at Server.#handleLoopback (/Users/charles/htmlwk/ham-study/node_modules/miniflare/src/index.ts:1228:44)
[WebServer]     at Server.emit (node:events:520:22)
[WebServer]     at Server.emit (node:domain:489:12)
[WebServer]     at parserOnIncoming (node:_http_server:1213:12)
[WebServer]     at HTTPParser.parserOnHeadersComplete (node:_http_common:125:17); spec = /?specifier=node%3Aworker_threads&referrer=%2F&rawSpecifier=node%3Aworker_threads


Running 6 tests using 1 worker

[1A[2K[1/6] [chromium] › e2e/cw-game.spec.ts:11:3 › CW Defense Game › 页面标题正确
[1A[2K[WebServer] RENDER: CwGame Component Mounted

[1A[2K[chromium] › e2e/cw-game.spec.ts:11:3 › CW Defense Game › 页面标题正确
BROWSER LOG: [vite] connecting...

[1A[2KBROWSER LOG: [vite] connected.

[1A[2KBROWSER LOG: %cDownload the React DevTools for a better development experience: https://react.dev/link/react-devtools font-weight:bold

[1A[2K[2/6] [chromium] › e2e/cw-game.spec.ts:15:3 › CW Defense Game › 游戏初始状态显示开始界面
[1A[2K[WebServer] RENDER: CwGame Component Mounted

[1A[2K[chromium] › e2e/cw-game.spec.ts:15:3 › CW Defense Game › 游戏初始状态显示开始界面
BROWSER LOG: [vite] connecting...

[1A[2KBROWSER LOG: [vite] connected.

[1A[2KBROWSER LOG: %cDownload the React DevTools for a better development experience: https://react.dev/link/react-devtools font-weight:bold

[1A[2K[3/6] [chromium] › e2e/cw-game.spec.ts:29:3 › CW Defense Game › 点击开始游戏后进入游戏状态
[1A[2K[WebServer] RENDER: CwGame Component Mounted

[1A[2K[chromium] › e2e/cw-game.spec.ts:29:3 › CW Defense Game › 点击开始游戏后进入游戏状态
BROWSER LOG: [vite] connecting...

[1A[2KBROWSER LOG: [vite] connected.

[1A[2KBROWSER LOG: %cDownload the React DevTools for a better development experience: https://react.dev/link/react-devtools font-weight:bold

[1A[2KBROWSER LOG: RENDER: CwGame Component Mounted

[1A[2KBROWSER LOG: RENDER: CwGame Component Mounted

[1A[2KBROWSER LOG: RENDER: CwGame Component Mounted

[1A[2KBROWSER LOG: RENDER: CwGame Component Mounted

[1A[2KBROWSER LOG: ACTION: startGame called

[1A[2KBROWSER LOG: RENDER: CwGame Component Mounted

[1A[2KBROWSER LOG: RENDER: CwGame Component Mounted

[1A[2KBROWSER LOG: RENDER: CwGame Component Mounted

[1A[2KBROWSER LOG: RENDER: CwGame Component Mounted

[1A[2KBROWSER LOG: RENDER: CwGame Component Mounted

[1A[2KBROWSER LOG: RENDER: CwGame Component Mounted

[1A[2KBROWSER LOG: RENDER: CwGame Component Mounted

[1A[2KBROWSER LOG: RENDER: CwGame Component Mounted

[1A[2KBROWSER LOG: RENDER: CwGame Component Mounted

[1A[2KBROWSER LOG: RENDER: CwGame Component Mounted

[1A[2KBROWSER LOG: RENDER: CwGame Component Mounted

[1A[2KBROWSER LOG: RENDER: CwGame Component Mounted

[1A[2KBROWSER LOG: RENDER: CwGame Component Mounted

[1A[2KBROWSER LOG: RENDER: CwGame Component Mounted

[1A[2KBROWSER LOG: RENDER: CwGame Component Mounted

[1A[2KBROWSER LOG: RENDER: CwGame Component Mounted

[1A[2KBROWSER LOG: RENDER: CwGame Component Mounted

[1A[2KBROWSER LOG: RENDER: CwGame Component Mounted

[1A[2KBROWSER LOG: RENDER: CwGame Component Mounted

[1A[2KBROWSER LOG: RENDER: CwGame Component Mounted

[1A[2KBROWSER LOG: RENDER: CwGame Component Mounted

[1A[2KBROWSER LOG: RENDER: CwGame Component Mounted

[1A[2KBROWSER LOG: RENDER: CwGame Component Mounted

[1A[2KBROWSER LOG: RENDER: CwGame Component Mounted

[1A[2KBROWSER LOG: RENDER: CwGame Component Mounted

[1A[2KBROWSER LOG: RENDER: CwGame Component Mounted

[1A[2KBROWSER LOG: RENDER: CwGame Component Mounted

[1A[2KBROWSER LOG: RENDER: CwGame Component Mounted

[1A[2KBROWSER LOG: RENDER: CwGame Component Mounted

[1A[2KBROWSER LOG: RENDER: CwGame Component Mounted

[1A[2KBROWSER LOG: RENDER: CwGame Component Mounted

[1A[2KBROWSER LOG: RENDER: CwGame Component Mounted

[1A[2KBROWSER LOG: RENDER: CwGame Component Mounted

[1A[2KBROWSER LOG: RENDER: CwGame Component Mounted

[1A[2KBROWSER LOG: RENDER: CwGame Component Mounted

[1A[2KBROWSER LOG: RENDER: CwGame Component Mounted

[1A[2KBROWSER LOG: RENDER: CwGame Component Mounted

[1A[2KBROWSER LOG: RENDER: CwGame Component Mounted

[1A[2KBROWSER LOG: RENDER: CwGame Component Mounted

[1A[2KBROWSER LOG: RENDER: CwGame Component Mounted

[1A[2KBROWSER LOG: RENDER: CwGame Component Mounted

[1A[2KBROWSER LOG: RENDER: CwGame Component Mounted

[1A[2KBROWSER LOG: RENDER: CwGame Component Mounted

[1A[2KBROWSER LOG: RENDER: CwGame Component Mounted

[1A[2KBROWSER LOG: RENDER: CwGame Component Mounted

[1A[2KBROWSER LOG: RENDER: CwGame Component Mounted

[1A[2KBROWSER LOG: RENDER: CwGame Component Mounted

[1A[2KBROWSER LOG: RENDER: CwGame Component Mounted

[1A[2KBROWSER LOG: RENDER: CwGame Component Mounted

[1A[2KBROWSER LOG: RENDER: CwGame Component Mounted

[1A[2KBROWSER LOG: RENDER: CwGame Component Mounted

[1A[2KBROWSER LOG: RENDER: CwGame Component Mounted

[1A[2KBROWSER LOG: RENDER: CwGame Component Mounted

[1A[2KBROWSER LOG: RENDER: CwGame Component Mounted

[1A[2KBROWSER LOG: RENDER: CwGame Component Mounted

[1A[2KBROWSER LOG: RENDER: CwGame Component Mounted

[1A[2KBROWSER LOG: RENDER: CwGame Component Mounted

[1A[2KBROWSER LOG: RENDER: CwGame Component Mounted

[1A[2KBROWSER LOG: RENDER: CwGame Component Mounted

[1A[2KBROWSER LOG: RENDER: CwGame Component Mounted

[1A[2KBROWSER LOG: RENDER: CwGame Component Mounted

[1A[2KBROWSER LOG: RENDER: CwGame Component Mounted

[1A[2KBROWSER LOG: RENDER: CwGame Component Mounted

[1A[2KBROWSER LOG: RENDER: CwGame Component Mounted

[1A[2KBROWSER LOG: RENDER: CwGame Component Mounted

[1A[2KBROWSER LOG: RENDER: CwGame Component Mounted

[1A[2KBROWSER LOG: RENDER: CwGame Component Mounted

[1A[2KBROWSER LOG: RENDER: CwGame Component Mounted

[1A[2KBROWSER LOG: RENDER: CwGame Component Mounted

[1A[2KBROWSER LOG: RENDER: CwGame Component Mounted

[1A[2KBROWSER LOG: RENDER: CwGame Component Mounted

[1A[2KBROWSER LOG: RENDER: CwGame Component Mounted

[1A[2KBROWSER LOG: RENDER: CwGame Component Mounted

[1A[2KBROWSER LOG: RENDER: CwGame Component Mounted

[1A[2KBROWSER LOG: RENDER: CwGame Component Mounted

[1A[2KBROWSER LOG: RENDER: CwGame Component Mounted

[1A[2KBROWSER LOG: RENDER: CwGame Component Mounted

[1A[2KBROWSER LOG: RENDER: CwGame Component Mounted

[1A[2KBROWSER LOG: RENDER: CwGame Component Mounted

[1A[2KBROWSER LOG: RENDER: CwGame Component Mounted

[1A[2KBROWSER LOG: RENDER: CwGame Component Mounted

[1A[2KBROWSER LOG: RENDER: CwGame Component Mounted

[1A[2KBROWSER LOG: RENDER: CwGame Component Mounted

[1A[2KBROWSER LOG: RENDER: CwGame Component Mounted

[1A[2KBROWSER LOG: RENDER: CwGame Component Mounted

[1A[2KBROWSER LOG: RENDER: CwGame Component Mounted

[1A[2KBROWSER LOG: RENDER: CwGame Component Mounted

[1A[2KBROWSER LOG: RENDER: CwGame Component Mounted

[1A[2KBROWSER LOG: RENDER: CwGame Component Mounted

[1A[2KBROWSER LOG: RENDER: CwGame Component Mounted

[1A[2KBROWSER LOG: RENDER: CwGame Component Mounted

[1A[2KBROWSER LOG: RENDER: CwGame Component Mounted

[1A[2KBROWSER LOG: RENDER: CwGame Component Mounted

[1A[2KBROWSER LOG: RENDER: CwGame Component Mounted

[1A[2KBROWSER LOG: RENDER: CwGame Component Mounted

[1A[2KBROWSER LOG: RENDER: CwGame Component Mounted

[1A[2KBROWSER LOG: RENDER: CwGame Component Mounted

[1A[2KBROWSER LOG: RENDER: CwGame Component Mounted

[1A[2KBROWSER LOG: RENDER: CwGame Component Mounted

[1A[2KBROWSER LOG: RENDER: CwGame Component Mounted

[1A[2KBROWSER LOG: RENDER: CwGame Component Mounted

[1A[2KBROWSER LOG: RENDER: CwGame Component Mounted

[1A[2KBROWSER LOG: RENDER: CwGame Component Mounted

[1A[2KBROWSER LOG: RENDER: CwGame Component Mounted

[1A[2KBROWSER LOG: RENDER: CwGame Component Mounted

[1A[2KBROWSER LOG: RENDER: CwGame Component Mounted

[1A[2KBROWSER LOG: RENDER: CwGame Component Mounted

[1A[2KBROWSER LOG: RENDER: CwGame Component Mounted

[1A[2KBROWSER LOG: RENDER: CwGame Component Mounted

[1A[2KBROWSER LOG: RENDER: CwGame Component Mounted

[1A[2KBROWSER LOG: RENDER: CwGame Component Mounted

[1A[2KBROWSER LOG: RENDER: CwGame Component Mounted

[1A[2KBROWSER LOG: RENDER: CwGame Component Mounted

[1A[2KBROWSER LOG: RENDER: CwGame Component Mounted

[1A[2KBROWSER LOG: RENDER: CwGame Component Mounted

[1A[2KBROWSER LOG: RENDER: CwGame Component Mounted

[1A[2KBROWSER LOG: RENDER: CwGame Component Mounted

[1A[2KBROWSER LOG: RENDER: CwGame Component Mounted

[1A[2KBROWSER LOG: RENDER: CwGame Component Mounted

[1A[2KBROWSER LOG: RENDER: CwGame Component Mounted

[1A[2KBROWSER LOG: RENDER: CwGame Component Mounted

[1A[2KBROWSER LOG: RENDER: CwGame Component Mounted

[1A[2KBROWSER LOG: RENDER: CwGame Component Mounted

[1A[2KBROWSER LOG: RENDER: CwGame Component Mounted

[1A[2KBROWSER LOG: RENDER: CwGame Component Mounted

[1A[2KBROWSER LOG: RENDER: CwGame Component Mounted

[1A[2KBROWSER LOG: RENDER: CwGame Component Mounted

[1A[2KBROWSER LOG: RENDER: CwGame Component Mounted

[1A[2K[4/6] [chromium] › e2e/cw-game.spec.ts:46:3 › CW Defense Game › 控制按钮存在
[1A[2K[WebServer] RENDER: CwGame Component Mounted

[1A[2K[chromium] › e2e/cw-game.spec.ts:46:3 › CW Defense Game › 控制按钮存在
BROWSER LOG: [vite] connecting...

[1A[2KBROWSER LOG: [vite] connected.

[1A[2KBROWSER LOG: %cDownload the React DevTools for a better development experience: https://react.dev/link/react-devtools font-weight:bold

[1A[2KBROWSER LOG: RENDER: CwGame Component Mounted

[1A[2KBROWSER LOG: RENDER: CwGame Component Mounted

[1A[2KBROWSER LOG: ACTION: startGame called

[1A[2KBROWSER LOG: RENDER: CwGame Component Mounted

[1A[2KBROWSER LOG: RENDER: CwGame Component Mounted

[1A[2KBROWSER LOG: RENDER: CwGame Component Mounted

[1A[2KBROWSER LOG: RENDER: CwGame Component Mounted

[1A[2KBROWSER LOG: RENDER: CwGame Component Mounted

[1A[2KBROWSER LOG: RENDER: CwGame Component Mounted

[1A[2KBROWSER LOG: RENDER: CwGame Component Mounted

[1A[2KBROWSER LOG: RENDER: CwGame Component Mounted

[1A[2KBROWSER LOG: RENDER: CwGame Component Mounted

[1A[2KBROWSER LOG: RENDER: CwGame Component Mounted

[1A[2KBROWSER LOG: RENDER: CwGame Component Mounted

[1A[2KBROWSER LOG: RENDER: CwGame Component Mounted

[1A[2KBROWSER LOG: RENDER: CwGame Component Mounted

[1A[2KBROWSER LOG: RENDER: CwGame Component Mounted

[1A[2KBROWSER LOG: RENDER: CwGame Component Mounted

[1A[2KBROWSER LOG: RENDER: CwGame Component Mounted

[1A[2KBROWSER LOG: RENDER: CwGame Component Mounted

[1A[2KBROWSER LOG: RENDER: CwGame Component Mounted

[1A[2KBROWSER LOG: RENDER: CwGame Component Mounted

[1A[2KBROWSER LOG: RENDER: CwGame Component Mounted

[1A[2KBROWSER LOG: RENDER: CwGame Component Mounted

[1A[2KBROWSER LOG: RENDER: CwGame Component Mounted

[1A[2KBROWSER LOG: RENDER: CwGame Component Mounted

[1A[2KBROWSER LOG: RENDER: CwGame Component Mounted

[1A[2KBROWSER LOG: RENDER: CwGame Component Mounted

[1A[2KBROWSER LOG: RENDER: CwGame Component Mounted

[1A[2KBROWSER LOG: RENDER: CwGame Component Mounted

[1A[2KBROWSER LOG: RENDER: CwGame Component Mounted

[1A[2KBROWSER LOG: RENDER: CwGame Component Mounted

[1A[2KBROWSER LOG: RENDER: CwGame Component Mounted

[1A[2KBROWSER LOG: RENDER: CwGame Component Mounted

[1A[2KBROWSER LOG: RENDER: CwGame Component Mounted

[1A[2KBROWSER LOG: RENDER: CwGame Component Mounted

[1A[2KBROWSER LOG: RENDER: CwGame Component Mounted

[1A[2KBROWSER LOG: RENDER: CwGame Component Mounted

[1A[2KBROWSER LOG: RENDER: CwGame Component Mounted

[1A[2KBROWSER LOG: RENDER: CwGame Component Mounted

[1A[2KBROWSER LOG: RENDER: CwGame Component Mounted

[1A[2KBROWSER LOG: RENDER: CwGame Component Mounted

[1A[2KBROWSER LOG: RENDER: CwGame Component Mounted

[1A[2KBROWSER LOG: RENDER: CwGame Component Mounted

[1A[2KBROWSER LOG: RENDER: CwGame Component Mounted

[1A[2KBROWSER LOG: RENDER: CwGame Component Mounted

[1A[2KBROWSER LOG: RENDER: CwGame Component Mounted

[1A[2KBROWSER LOG: RENDER: CwGame Component Mounted

[1A[2KBROWSER LOG: RENDER: CwGame Component Mounted

[1A[2KBROWSER LOG: RENDER: CwGame Component Mounted

[1A[2KBROWSER LOG: RENDER: CwGame Component Mounted

[1A[2KBROWSER LOG: RENDER: CwGame Component Mounted

[1A[2KBROWSER LOG: RENDER: CwGame Component Mounted

[1A[2KBROWSER LOG: RENDER: CwGame Component Mounted

[1A[2KBROWSER LOG: RENDER: CwGame Component Mounted

[1A[2KBROWSER LOG: RENDER: CwGame Component Mounted

[1A[2KBROWSER LOG: RENDER: CwGame Component Mounted

[1A[2KBROWSER LOG: RENDER: CwGame Component Mounted

[1A[2KBROWSER LOG: RENDER: CwGame Component Mounted

[1A[2KBROWSER LOG: RENDER: CwGame Component Mounted

[1A[2KBROWSER LOG: RENDER: CwGame Component Mounted

[1A[2KBROWSER LOG: RENDER: CwGame Component Mounted

[1A[2KBROWSER LOG: RENDER: CwGame Component Mounted

[1A[2KBROWSER LOG: RENDER: CwGame Component Mounted

[1A[2KBROWSER LOG: RENDER: CwGame Component Mounted

[1A[2KBROWSER LOG: RENDER: CwGame Component Mounted

[1A[2KBROWSER LOG: RENDER: CwGame Component Mounted

[1A[2KBROWSER LOG: RENDER: CwGame Component Mounted

[1A[2KBROWSER LOG: RENDER: CwGame Component Mounted

[1A[2KBROWSER LOG: RENDER: CwGame Component Mounted

[1A[2KBROWSER LOG: RENDER: CwGame Component Mounted

[1A[2KBROWSER LOG: RENDER: CwGame Component Mounted

[1A[2KBROWSER LOG: RENDER: CwGame Component Mounted

[1A[2KBROWSER LOG: RENDER: CwGame Component Mounted

[1A[2KBROWSER LOG: RENDER: CwGame Component Mounted

[1A[2KBROWSER LOG: RENDER: CwGame Component Mounted

[1A[2KBROWSER LOG: RENDER: CwGame Component Mounted

[1A[2KBROWSER LOG: RENDER: CwGame Component Mounted

[1A[2KBROWSER LOG: RENDER: CwGame Component Mounted

[1A[2KBROWSER LOG: RENDER: CwGame Component Mounted

[1A[2KBROWSER LOG: RENDER: CwGame Component Mounted

[1A[2KBROWSER LOG: RENDER: CwGame Component Mounted

[1A[2KBROWSER LOG: RENDER: CwGame Component Mounted

[1A[2KBROWSER LOG: RENDER: CwGame Component Mounted

[1A[2KBROWSER LOG: RENDER: CwGame Component Mounted

[1A[2KBROWSER LOG: RENDER: CwGame Component Mounted

[1A[2KBROWSER LOG: RENDER: CwGame Component Mounted

[1A[2KBROWSER LOG: RENDER: CwGame Component Mounted

[1A[2KBROWSER LOG: RENDER: CwGame Component Mounted

[1A[2KBROWSER LOG: RENDER: CwGame Component Mounted

[1A[2KBROWSER LOG: RENDER: CwGame Component Mounted

[1A[2KBROWSER LOG: RENDER: CwGame Component Mounted

[1A[2KBROWSER LOG: RENDER: CwGame Component Mounted

[1A[2KBROWSER LOG: RENDER: CwGame Component Mounted

[1A[2KBROWSER LOG: RENDER: CwGame Component Mounted

[1A[2KBROWSER LOG: RENDER: CwGame Component Mounted

[1A[2KBROWSER LOG: RENDER: CwGame Component Mounted

[1A[2KBROWSER LOG: RENDER: CwGame Component Mounted

[1A[2KBROWSER LOG: RENDER: CwGame Component Mounted

[1A[2KBROWSER LOG: RENDER: CwGame Component Mounted

[1A[2KBROWSER LOG: RENDER: CwGame Component Mounted

[1A[2KBROWSER LOG: RENDER: CwGame Component Mounted

[1A[2KBROWSER LOG: RENDER: CwGame Component Mounted

[1A[2KBROWSER LOG: RENDER: CwGame Component Mounted

[1A[2KBROWSER LOG: RENDER: CwGame Component Mounted

[1A[2KBROWSER LOG: RENDER: CwGame Component Mounted

[1A[2KBROWSER LOG: RENDER: CwGame Component Mounted

[1A[2KBROWSER LOG: RENDER: CwGame Component Mounted

[1A[2KBROWSER LOG: RENDER: CwGame Component Mounted

[1A[2KBROWSER LOG: RENDER: CwGame Component Mounted

[1A[2KBROWSER LOG: RENDER: CwGame Component Mounted

[1A[2KBROWSER LOG: RENDER: CwGame Component Mounted

[1A[2KBROWSER LOG: RENDER: CwGame Component Mounted

[1A[2KBROWSER LOG: RENDER: CwGame Component Mounted

[1A[2KBROWSER LOG: RENDER: CwGame Component Mounted

[1A[2KBROWSER LOG: RENDER: CwGame Component Mounted

[1A[2KBROWSER LOG: RENDER: CwGame Component Mounted

[1A[2KBROWSER LOG: RENDER: CwGame Component Mounted

[1A[2KBROWSER LOG: RENDER: CwGame Component Mounted

[1A[2KBROWSER LOG: RENDER: CwGame Component Mounted

[1A[2KBROWSER LOG: RENDER: CwGame Component Mounted

[1A[2KBROWSER LOG: RENDER: CwGame Component Mounted

[1A[2KBROWSER LOG: RENDER: CwGame Component Mounted

[1A[2KBROWSER LOG: RENDER: CwGame Component Mounted

[1A[2KBROWSER LOG: RENDER: CwGame Component Mounted

[1A[2KBROWSER LOG: RENDER: CwGame Component Mounted

[1A[2KBROWSER LOG: RENDER: CwGame Component Mounted

[1A[2KBROWSER LOG: RENDER: CwGame Component Mounted

[1A[2KBROWSER LOG: RENDER: CwGame Component Mounted

[1A[2K[5/6] [chromium] › e2e/cw-game.spec.ts:64:3 › CW Defense Game › 血量显示正确
[1A[2K[WebServer] RENDER: CwGame Component Mounted

[1A[2K[chromium] › e2e/cw-game.spec.ts:64:3 › CW Defense Game › 血量显示正确
BROWSER LOG: [vite] connecting...

[1A[2KBROWSER LOG: [vite] connected.

[1A[2K[6/6] [chromium] › e2e/cw-game.spec.ts:70:3 › CW Defense Game › BUG验证: 掉落扣血逻辑
[1A[2K[WebServer] RENDER: CwGame Component Mounted

[1A[2K[chromium] › e2e/cw-game.spec.ts:70:3 › CW Defense Game › BUG验证: 掉落扣血逻辑
BROWSER LOG: [vite] connecting...

[1A[2KBROWSER LOG: [vite] connected.

[1A[2KBROWSER LOG: %cDownload the React DevTools for a better development experience: https://react.dev/link/react-devtools font-weight:bold

[1A[2KBROWSER LOG: RENDER: CwGame Component Mounted

[1A[2KBROWSER LOG: RENDER: CwGame Component Mounted

[1A[2KBROWSER LOG: ACTION: startGame called

[1A[2KBROWSER LOG: RENDER: CwGame Component Mounted

[1A[2KBROWSER LOG: RENDER: CwGame Component Mounted

[1A[2KBROWSER LOG: RENDER: CwGame Component Mounted

[1A[2KBROWSER LOG: RENDER: CwGame Component Mounted

[1A[2KBROWSER LOG: RENDER: CwGame Component Mounted

[1A[2KBROWSER LOG: RENDER: CwGame Component Mounted

[1A[2KBROWSER LOG: RENDER: CwGame Component Mounted

[1A[2KBROWSER LOG: RENDER: CwGame Component Mounted

[1A[2KBROWSER LOG: RENDER: CwGame Component Mounted

[1A[2KBROWSER LOG: RENDER: CwGame Component Mounted

[1A[2KBROWSER LOG: RENDER: CwGame Component Mounted

[1A[2KBROWSER LOG: RENDER: CwGame Component Mounted

[1A[2KBROWSER LOG: RENDER: CwGame Component Mounted

[1A[2KBROWSER LOG: RENDER: CwGame Component Mounted

[1A[2KBROWSER LOG: RENDER: CwGame Component Mounted

[1A[2KBROWSER LOG: RENDER: CwGame Component Mounted

[1A[2KBROWSER LOG: RENDER: CwGame Component Mounted

[1A[2KBROWSER LOG: RENDER: CwGame Component Mounted

[1A[2KBROWSER LOG: RENDER: CwGame Component Mounted

[1A[2KBROWSER LOG: RENDER: CwGame Component Mounted

[1A[2KBROWSER LOG: RENDER: CwGame Component Mounted

[1A[2KBROWSER LOG: RENDER: CwGame Component Mounted

[1A[2KBROWSER LOG: RENDER: CwGame Component Mounted

[1A[2KBROWSER LOG: RENDER: CwGame Component Mounted

[1A[2KBROWSER LOG: RENDER: CwGame Component Mounted

[1A[2KBROWSER LOG: RENDER: CwGame Component Mounted

[1A[2KBROWSER LOG: RENDER: CwGame Component Mounted

[1A[2KBROWSER LOG: RENDER: CwGame Component Mounted

[1A[2KBROWSER LOG: RENDER: CwGame Component Mounted

[1A[2KBROWSER LOG: RENDER: CwGame Component Mounted

[1A[2KBROWSER LOG: RENDER: CwGame Component Mounted

[1A[2KBROWSER LOG: RENDER: CwGame Component Mounted

[1A[2KBROWSER LOG: RENDER: CwGame Component Mounted

[1A[2KBROWSER LOG: RENDER: CwGame Component Mounted

[1A[2KBROWSER LOG: RENDER: CwGame Component Mounted

[1A[2KBROWSER LOG: RENDER: CwGame Component Mounted

[1A[2KBROWSER LOG: RENDER: CwGame Component Mounted

[1A[2KBROWSER LOG: RENDER: CwGame Component Mounted

[1A[2KBROWSER LOG: RENDER: CwGame Component Mounted

[1A[2KBROWSER LOG: RENDER: CwGame Component Mounted

[1A[2KBROWSER LOG: RENDER: CwGame Component Mounted

[1A[2KBROWSER LOG: RENDER: CwGame Component Mounted

[1A[2KBROWSER LOG: RENDER: CwGame Component Mounted

[1A[2KBROWSER LOG: RENDER: CwGame Component Mounted

[1A[2KBROWSER LOG: RENDER: CwGame Component Mounted

[1A[2KBROWSER LOG: RENDER: CwGame Component Mounted

[1A[2KBROWSER LOG: RENDER: CwGame Component Mounted

[1A[2KBROWSER LOG: RENDER: CwGame Component Mounted

[1A[2KBROWSER LOG: RENDER: CwGame Component Mounted

[1A[2KBROWSER LOG: RENDER: CwGame Component Mounted

[1A[2KBROWSER LOG: RENDER: CwGame Component Mounted

[1A[2KBROWSER LOG: RENDER: CwGame Component Mounted

[1A[2KBROWSER LOG: RENDER: CwGame Component Mounted

[1A[2KBROWSER LOG: RENDER: CwGame Component Mounted

[1A[2KBROWSER LOG: RENDER: CwGame Component Mounted

[1A[2KBROWSER LOG: RENDER: CwGame Component Mounted

[1A[2KBROWSER LOG: RENDER: CwGame Component Mounted

[1A[2KBROWSER LOG: RENDER: CwGame Component Mounted

[1A[2KBROWSER LOG: RENDER: CwGame Component Mounted

[1A[2KBROWSER LOG: RENDER: CwGame Component Mounted

[1A[2KBROWSER LOG: RENDER: CwGame Component Mounted

[1A[2KBROWSER LOG: RENDER: CwGame Component Mounted

[1A[2KBROWSER LOG: RENDER: CwGame Component Mounted

[1A[2KBROWSER LOG: RENDER: CwGame Component Mounted

[1A[2KBROWSER LOG: RENDER: CwGame Component Mounted

[1A[2KBROWSER LOG: RENDER: CwGame Component Mounted

[1A[2KBROWSER LOG: RENDER: CwGame Component Mounted

[1A[2KBROWSER LOG: RENDER: CwGame Component Mounted

[1A[2KBROWSER LOG: RENDER: CwGame Component Mounted

[1A[2KBROWSER LOG: RENDER: CwGame Component Mounted

[1A[2KBROWSER LOG: RENDER: CwGame Component Mounted

[1A[2KBROWSER LOG: RENDER: CwGame Component Mounted

[1A[2KBROWSER LOG: RENDER: CwGame Component Mounted

[1A[2KBROWSER LOG: RENDER: CwGame Component Mounted

[1A[2KBROWSER LOG: RENDER: CwGame Component Mounted

[1A[2KBROWSER LOG: RENDER: CwGame Component Mounted

[1A[2KBROWSER LOG: RENDER: CwGame Component Mounted

[1A[2KBROWSER LOG: RENDER: CwGame Component Mounted

[1A[2KBROWSER LOG: RENDER: CwGame Component Mounted

[1A[2KBROWSER LOG: RENDER: CwGame Component Mounted

[1A[2KBROWSER LOG: RENDER: CwGame Component Mounted

[1A[2KBROWSER LOG: RENDER: CwGame Component Mounted

[1A[2KBROWSER LOG: RENDER: CwGame Component Mounted

[1A[2KBROWSER LOG: RENDER: CwGame Component Mounted

[1A[2KBROWSER LOG: RENDER: CwGame Component Mounted

[1A[2KBROWSER LOG: RENDER: CwGame Component Mounted

[1A[2KBROWSER LOG: RENDER: CwGame Component Mounted

[1A[2KBROWSER LOG: RENDER: CwGame Component Mounted

[1A[2KBROWSER LOG: RENDER: CwGame Component Mounted

[1A[2KBROWSER LOG: RENDER: CwGame Component Mounted

[1A[2KBROWSER LOG: RENDER: CwGame Component Mounted

[1A[2KBROWSER LOG: RENDER: CwGame Component Mounted

[1A[2KBROWSER LOG: RENDER: CwGame Component Mounted

[1A[2KBROWSER LOG: RENDER: CwGame Component Mounted

[1A[2KBROWSER LOG: RENDER: CwGame Component Mounted

[1A[2KBROWSER LOG: RENDER: CwGame Component Mounted

[1A[2KBROWSER LOG: RENDER: CwGame Component Mounted

[1A[2KBROWSER LOG: RENDER: CwGame Component Mounted

[1A[2KBROWSER LOG: RENDER: CwGame Component Mounted

[1A[2KBROWSER LOG: RENDER: CwGame Component Mounted

[1A[2KBROWSER LOG: RENDER: CwGame Component Mounted

[1A[2KBROWSER LOG: RENDER: CwGame Component Mounted

[1A[2KBROWSER LOG: RENDER: CwGame Component Mounted

[1A[2KBROWSER LOG: RENDER: CwGame Component Mounted

[1A[2KBROWSER LOG: RENDER: CwGame Component Mounted

[1A[2KBROWSER LOG: RENDER: CwGame Component Mounted

[1A[2KBROWSER LOG: RENDER: CwGame Component Mounted

[1A[2KBROWSER LOG: RENDER: CwGame Component Mounted

[1A[2KBROWSER LOG: RENDER: CwGame Component Mounted

[1A[2KBROWSER LOG: RENDER: CwGame Component Mounted

[1A[2KBROWSER LOG: RENDER: CwGame Component Mounted

[1A[2KBROWSER LOG: RENDER: CwGame Component Mounted

[1A[2KBROWSER LOG: RENDER: CwGame Component Mounted

[1A[2KBROWSER LOG: RENDER: CwGame Component Mounted

[1A[2KBROWSER LOG: RENDER: CwGame Component Mounted

[1A[2KBROWSER LOG: RENDER: CwGame Component Mounted

[1A[2KBROWSER LOG: RENDER: CwGame Component Mounted

[1A[2KBROWSER LOG: RENDER: CwGame Component Mounted

[1A[2KBROWSER LOG: RENDER: CwGame Component Mounted

[1A[2KBROWSER LOG: RENDER: CwGame Component Mounted

[1A[2KBROWSER LOG: RENDER: CwGame Component Mounted

[1A[2KBROWSER LOG: RENDER: CwGame Component Mounted

[1A[2KBROWSER LOG: RENDER: CwGame Component Mounted

[1A[2KBROWSER LOG: RENDER: CwGame Component Mounted

[1A[2KBROWSER LOG: RENDER: CwGame Component Mounted

[1A[2KBROWSER LOG: RENDER: CwGame Component Mounted

[1A[2KBROWSER LOG: RENDER: CwGame Component Mounted

[1A[2KBROWSER LOG: RENDER: CwGame Component Mounted

[1A[2KBROWSER LOG: RENDER: CwGame Component Mounted

[1A[2KBROWSER LOG: RENDER: CwGame Component Mounted

[1A[2KBROWSER LOG: RENDER: CwGame Component Mounted

[1A[2KBROWSER LOG: RENDER: CwGame Component Mounted

[1A[2KBROWSER LOG: RENDER: CwGame Component Mounted

[1A[2KBROWSER LOG: RENDER: CwGame Component Mounted

[1A[2KBROWSER LOG: RENDER: CwGame Component Mounted

[1A[2KBROWSER LOG: RENDER: CwGame Component Mounted

[1A[2KBROWSER LOG: RENDER: CwGame Component Mounted

[1A[2KBROWSER LOG: RENDER: CwGame Component Mounted

[1A[2KBROWSER LOG: RENDER: CwGame Component Mounted

[1A[2KBROWSER LOG: RENDER: CwGame Component Mounted

[1A[2KBROWSER LOG: RENDER: CwGame Component Mounted

[1A[2KBROWSER LOG: RENDER: CwGame Component Mounted

[1A[2KBROWSER LOG: RENDER: CwGame Component Mounted

[1A[2KBROWSER LOG: RENDER: CwGame Component Mounted

[1A[2KBROWSER LOG: RENDER: CwGame Component Mounted

[1A[2KBROWSER LOG: RENDER: CwGame Component Mounted

[1A[2KBROWSER LOG: RENDER: CwGame Component Mounted

[1A[2KBROWSER LOG: RENDER: CwGame Component Mounted

[1A[2KBROWSER LOG: RENDER: CwGame Component Mounted

[1A[2KBROWSER LOG: RENDER: CwGame Component Mounted

[1A[2KBROWSER LOG: RENDER: CwGame Component Mounted

[1A[2KBROWSER LOG: RENDER: CwGame Component Mounted

[1A[2KBROWSER LOG: RENDER: CwGame Component Mounted

[1A[2KBROWSER LOG: RENDER: CwGame Component Mounted

[1A[2KBROWSER LOG: RENDER: CwGame Component Mounted

[1A[2KBROWSER LOG: RENDER: CwGame Component Mounted

[1A[2KBROWSER LOG: RENDER: CwGame Component Mounted

[1A[2KBROWSER LOG: RENDER: CwGame Component Mounted

[1A[2KBROWSER LOG: RENDER: CwGame Component Mounted

[1A[2KBROWSER LOG: RENDER: CwGame Component Mounted

[1A[2KBROWSER LOG: RENDER: CwGame Component Mounted

[1A[2KBROWSER LOG: RENDER: CwGame Component Mounted

[1A[2KBROWSER LOG: RENDER: CwGame Component Mounted

[1A[2KBROWSER LOG: RENDER: CwGame Component Mounted

[1A[2KBROWSER LOG: RENDER: CwGame Component Mounted

[1A[2KBROWSER LOG: RENDER: CwGame Component Mounted

[1A[2KBROWSER LOG: RENDER: CwGame Component Mounted

[1A[2KBROWSER LOG: RENDER: CwGame Component Mounted

[1A[2KBROWSER LOG: RENDER: CwGame Component Mounted

[1A[2KBROWSER LOG: RENDER: CwGame Component Mounted

[1A[2KBROWSER LOG: RENDER: CwGame Component Mounted

[1A[2KBROWSER LOG: RENDER: CwGame Component Mounted

[1A[2KBROWSER LOG: RENDER: CwGame Component Mounted

[1A[2KBROWSER LOG: RENDER: CwGame Component Mounted

[1A[2KBROWSER LOG: RENDER: CwGame Component Mounted

[1A[2KBROWSER LOG: RENDER: CwGame Component Mounted

[1A[2KBROWSER LOG: RENDER: CwGame Component Mounted

[1A[2KBROWSER LOG: RENDER: CwGame Component Mounted

[1A[2KBROWSER LOG: RENDER: CwGame Component Mounted

[1A[2KBROWSER LOG: RENDER: CwGame Component Mounted

[1A[2KBROWSER LOG: RENDER: CwGame Component Mounted

[1A[2KBROWSER LOG: RENDER: CwGame Component Mounted

[1A[2KBROWSER LOG: RENDER: CwGame Component Mounted

[1A[2KBROWSER LOG: RENDER: CwGame Component Mounted

[1A[2KBROWSER LOG: RENDER: CwGame Component Mounted

[1A[2KBROWSER LOG: RENDER: CwGame Component Mounted

[1A[2KBROWSER LOG: RENDER: CwGame Component Mounted

[1A[2KBROWSER LOG: RENDER: CwGame Component Mounted

[1A[2KBROWSER LOG: RENDER: CwGame Component Mounted

[1A[2KBROWSER LOG: RENDER: CwGame Component Mounted

[1A[2KBROWSER LOG: RENDER: CwGame Component Mounted

[1A[2KBROWSER LOG: RENDER: CwGame Component Mounted

[1A[2KBROWSER LOG: RENDER: CwGame Component Mounted

[1A[2KBROWSER LOG: RENDER: CwGame Component Mounted

[1A[2KBROWSER LOG: RENDER: CwGame Component Mounted

[1A[2KBROWSER LOG: RENDER: CwGame Component Mounted

[1A[2KBROWSER LOG: RENDER: CwGame Component Mounted

[1A[2KBROWSER LOG: RENDER: CwGame Component Mounted

[1A[2KBROWSER LOG: RENDER: CwGame Component Mounted

[1A[2KBROWSER LOG: RENDER: CwGame Component Mounted

[1A[2KBROWSER LOG: RENDER: CwGame Component Mounted

[1A[2KBROWSER LOG: RENDER: CwGame Component Mounted

[1A[2KBROWSER LOG: RENDER: CwGame Component Mounted

[1A[2KBROWSER LOG: RENDER: CwGame Component Mounted

[1A[2KBROWSER LOG: RENDER: CwGame Component Mounted

[1A[2KBROWSER LOG: RENDER: CwGame Component Mounted

[1A[2KBROWSER LOG: RENDER: CwGame Component Mounted

[1A[2KBROWSER LOG: RENDER: CwGame Component Mounted

[1A[2KBROWSER LOG: RENDER: CwGame Component Mounted

[1A[2KBROWSER LOG: RENDER: CwGame Component Mounted

[1A[2KBROWSER LOG: RENDER: CwGame Component Mounted

[1A[2KBROWSER LOG: RENDER: CwGame Component Mounted

[1A[2KBROWSER LOG: RENDER: CwGame Component Mounted

[1A[2KBROWSER LOG: RENDER: CwGame Component Mounted

[1A[2KBROWSER LOG: RENDER: CwGame Component Mounted

[1A[2KBROWSER LOG: RENDER: CwGame Component Mounted

[1A[2KBROWSER LOG: RENDER: CwGame Component Mounted

[1A[2KBROWSER LOG: RENDER: CwGame Component Mounted

[1A[2KBROWSER LOG: RENDER: CwGame Component Mounted

[1A[2KBROWSER LOG: RENDER: CwGame Component Mounted

[1A[2KBROWSER LOG: RENDER: CwGame Component Mounted

[1A[2KBROWSER LOG: RENDER: CwGame Component Mounted

[1A[2KBROWSER LOG: RENDER: CwGame Component Mounted

[1A[2KBROWSER LOG: RENDER: CwGame Component Mounted

[1A[2KBROWSER LOG: RENDER: CwGame Component Mounted

[1A[2KBROWSER LOG: RENDER: CwGame Component Mounted

[1A[2KBROWSER LOG: RENDER: CwGame Component Mounted

[1A[2KBROWSER LOG: RENDER: CwGame Component Mounted

[1A[2KBROWSER LOG: RENDER: CwGame Component Mounted

[1A[2KBROWSER LOG: RENDER: CwGame Component Mounted

[1A[2KBROWSER LOG: RENDER: CwGame Component Mounted

[1A[2KBROWSER LOG: RENDER: CwGame Component Mounted

[1A[2KBROWSER LOG: RENDER: CwGame Component Mounted

[1A[2KBROWSER LOG: RENDER: CwGame Component Mounted

[1A[2KBROWSER LOG: RENDER: CwGame Component Mounted

[1A[2KBROWSER LOG: RENDER: CwGame Component Mounted

[1A[2KBROWSER LOG: RENDER: CwGame Component Mounted

[1A[2KBROWSER LOG: RENDER: CwGame Component Mounted

[1A[2KBROWSER LOG: RENDER: CwGame Component Mounted

[1A[2KBROWSER LOG: RENDER: CwGame Component Mounted

[1A[2KBROWSER LOG: RENDER: CwGame Component Mounted

[1A[2KBROWSER LOG: RENDER: CwGame Component Mounted

[1A[2KBROWSER LOG: RENDER: CwGame Component Mounted

[1A[2KBROWSER LOG: RENDER: CwGame Component Mounted

[1A[2KBROWSER LOG: RENDER: CwGame Component Mounted

[1A[2KBROWSER LOG: RENDER: CwGame Component Mounted

[1A[2KBROWSER LOG: RENDER: CwGame Component Mounted

[1A[2KBROWSER LOG: RENDER: CwGame Component Mounted

[1A[2KBROWSER LOG: RENDER: CwGame Component Mounted

[1A[2KBROWSER LOG: RENDER: CwGame Component Mounted

[1A[2KBROWSER LOG: RENDER: CwGame Component Mounted

[1A[2KBROWSER LOG: RENDER: CwGame Component Mounted

[1A[2KBROWSER LOG: RENDER: CwGame Component Mounted

[1A[2KBROWSER LOG: RENDER: CwGame Component Mounted

[1A[2KBROWSER LOG: RENDER: CwGame Component Mounted

[1A[2KBROWSER LOG: RENDER: CwGame Component Mounted

[1A[2KBROWSER LOG: RENDER: CwGame Component Mounted

[1A[2KBROWSER LOG: RENDER: CwGame Component Mounted

[1A[2KBROWSER LOG: RENDER: CwGame Component Mounted

[1A[2KBROWSER LOG: RENDER: CwGame Component Mounted

[1A[2KBROWSER LOG: RENDER: CwGame Component Mounted

[1A[2KBROWSER LOG: RENDER: CwGame Component Mounted

[1A[2KBROWSER LOG: RENDER: CwGame Component Mounted

[1A[2KBROWSER LOG: RENDER: CwGame Component Mounted

[1A[2KBROWSER LOG: RENDER: CwGame Component Mounted

[1A[2KBROWSER LOG: RENDER: CwGame Component Mounted

[1A[2KBROWSER LOG: RENDER: CwGame Component Mounted

[1A[2KBROWSER LOG: RENDER: CwGame Component Mounted

[1A[2KBROWSER LOG: RENDER: CwGame Component Mounted

[1A[2KBROWSER LOG: RENDER: CwGame Component Mounted

[1A[2KBROWSER LOG: RENDER: CwGame Component Mounted

[1A[2KBROWSER LOG: RENDER: CwGame Component Mounted

[1A[2KBROWSER LOG: RENDER: CwGame Component Mounted

[1A[2KBROWSER LOG: RENDER: CwGame Component Mounted

[1A[2KBROWSER LOG: RENDER: CwGame Component Mounted

[1A[2KBROWSER LOG: RENDER: CwGame Component Mounted

[1A[2KBROWSER LOG: RENDER: CwGame Component Mounted

[1A[2KBROWSER LOG: RENDER: CwGame Component Mounted

[1A[2KBROWSER LOG: RENDER: CwGame Component Mounted

[1A[2KBROWSER LOG: RENDER: CwGame Component Mounted

[1A[2KBROWSER LOG: RENDER: CwGame Component Mounted

[1A[2KBROWSER LOG: RENDER: CwGame Component Mounted

[1A[2KBROWSER LOG: RENDER: CwGame Component Mounted

[1A[2KBROWSER LOG: RENDER: CwGame Component Mounted

[1A[2KBROWSER LOG: RENDER: CwGame Component Mounted

[1A[2KBROWSER LOG: RENDER: CwGame Component Mounted

[1A[2KBROWSER LOG: RENDER: CwGame Component Mounted

[1A[2KBROWSER LOG: RENDER: CwGame Component Mounted

[1A[2KBROWSER LOG: RENDER: CwGame Component Mounted

[1A[2KBROWSER LOG: RENDER: CwGame Component Mounted

[1A[2KBROWSER LOG: RENDER: CwGame Component Mounted

[1A[2KBROWSER LOG: RENDER: CwGame Component Mounted

[1A[2KBROWSER LOG: RENDER: CwGame Component Mounted

[1A[2KBROWSER LOG: RENDER: CwGame Component Mounted

[1A[2KBROWSER LOG: RENDER: CwGame Component Mounted

[1A[2KBROWSER LOG: RENDER: CwGame Component Mounted

[1A[2KBROWSER LOG: RENDER: CwGame Component Mounted

[1A[2KBROWSER LOG: RENDER: CwGame Component Mounted

[1A[2KBROWSER LOG: RENDER: CwGame Component Mounted

[1A[2KBROWSER LOG: RENDER: CwGame Component Mounted

[1A[2KBROWSER LOG: RENDER: CwGame Component Mounted

[1A[2KBROWSER LOG: RENDER: CwGame Component Mounted

[1A[2KBROWSER LOG: RENDER: CwGame Component Mounted

[1A[2KBROWSER LOG: RENDER: CwGame Component Mounted

[1A[2KBROWSER LOG: RENDER: CwGame Component Mounted

[1A[2KBROWSER LOG: RENDER: CwGame Component Mounted

[1A[2KBROWSER LOG: RENDER: CwGame Component Mounted

[1A[2KBROWSER LOG: RENDER: CwGame Component Mounted

[1A[2KBROWSER LOG: RENDER: CwGame Component Mounted

[1A[2KBROWSER LOG: RENDER: CwGame Component Mounted

[1A[2KBROWSER LOG: RENDER: CwGame Component Mounted

[1A[2KBROWSER LOG: RENDER: CwGame Component Mounted

[1A[2KBROWSER LOG: RENDER: CwGame Component Mounted

[1A[2KBROWSER LOG: RENDER: CwGame Component Mounted

[1A[2KBROWSER LOG: RENDER: CwGame Component Mounted

[1A[2KBROWSER LOG: RENDER: CwGame Component Mounted

[1A[2KBROWSER LOG: RENDER: CwGame Component Mounted

[1A[2KBROWSER LOG: RENDER: CwGame Component Mounted

[1A[2KBROWSER LOG: RENDER: CwGame Component Mounted

[1A[2KBROWSER LOG: RENDER: CwGame Component Mounted

[1A[2KBROWSER LOG: RENDER: CwGame Component Mounted

[1A[2KBROWSER LOG: RENDER: CwGame Component Mounted

[1A[2KBROWSER LOG: RENDER: CwGame Component Mounted

[1A[2KBROWSER LOG: RENDER: CwGame Component Mounted

[1A[2KBROWSER LOG: RENDER: CwGame Component Mounted

[1A[2KBROWSER LOG: RENDER: CwGame Component Mounted

[1A[2KBROWSER LOG: RENDER: CwGame Component Mounted

[1A[2KBROWSER LOG: RENDER: CwGame Component Mounted

[1A[2KBROWSER LOG: RENDER: CwGame Component Mounted

[1A[2KBROWSER LOG: RENDER: CwGame Component Mounted

[1A[2KBROWSER LOG: RENDER: CwGame Component Mounted

[1A[2KBROWSER LOG: RENDER: CwGame Component Mounted

[1A[2KBROWSER LOG: RENDER: CwGame Component Mounted

[1A[2KBROWSER LOG: RENDER: CwGame Component Mounted

[1A[2KBROWSER LOG: RENDER: CwGame Component Mounted

[1A[2KBROWSER LOG: RENDER: CwGame Component Mounted

[1A[2KBROWSER LOG: RENDER: CwGame Component Mounted

[1A[2KBROWSER LOG: RENDER: CwGame Component Mounted

[1A[2KBROWSER LOG: RENDER: CwGame Component Mounted

[1A[2KBROWSER LOG: RENDER: CwGame Component Mounted

[1A[2KBROWSER LOG: RENDER: CwGame Component Mounted

[1A[2KBROWSER LOG: RENDER: CwGame Component Mounted

[1A[2KBROWSER LOG: RENDER: CwGame Component Mounted

[1A[2KBROWSER LOG: RENDER: CwGame Component Mounted

[1A[2KBROWSER LOG: RENDER: CwGame Component Mounted

[1A[2KBROWSER LOG: RENDER: CwGame Component Mounted

[1A[2KBROWSER LOG: RENDER: CwGame Component Mounted

[1A[2KBROWSER LOG: RENDER: CwGame Component Mounted

[1A[2KBROWSER LOG: RENDER: CwGame Component Mounted

[1A[2KBROWSER LOG: RENDER: CwGame Component Mounted

[1A[2KBROWSER LOG: RENDER: CwGame Component Mounted

[1A[2KBROWSER LOG: RENDER: CwGame Component Mounted

[1A[2KBROWSER LOG: RENDER: CwGame Component Mounted

[1A[2KBROWSER LOG: RENDER: CwGame Component Mounted

[1A[2KBROWSER LOG: RENDER: CwGame Component Mounted

[1A[2KBROWSER LOG: RENDER: CwGame Component Mounted

[1A[2KBROWSER LOG: RENDER: CwGame Component Mounted

[1A[2KBROWSER LOG: RENDER: CwGame Component Mounted

[1A[2KBROWSER LOG: RENDER: CwGame Component Mounted

[1A[2KBROWSER LOG: RENDER: CwGame Component Mounted

[1A[2KBROWSER LOG: RENDER: CwGame Component Mounted

[1A[2KBROWSER LOG: RENDER: CwGame Component Mounted

[1A[2KBROWSER LOG: RENDER: CwGame Component Mounted

[1A[2KBROWSER LOG: RENDER: CwGame Component Mounted

[1A[2KBROWSER LOG: RENDER: CwGame Component Mounted

[1A[2KBROWSER LOG: RENDER: CwGame Component Mounted

[1A[2KBROWSER LOG: RENDER: CwGame Component Mounted

[1A[2KBROWSER LOG: RENDER: CwGame Component Mounted

[1A[2KBROWSER LOG: RENDER: CwGame Component Mounted

[1A[2KBROWSER LOG: RENDER: CwGame Component Mounted

[1A[2KBROWSER LOG: RENDER: CwGame Component Mounted

[1A[2KBROWSER LOG: RENDER: CwGame Component Mounted

[1A[2KBROWSER LOG: RENDER: CwGame Component Mounted

[1A[2KBROWSER LOG: RENDER: CwGame Component Mounted

[1A[2KBROWSER LOG: RENDER: CwGame Component Mounted

[1A[2KBROWSER LOG: RENDER: CwGame Component Mounted

[1A[2KBROWSER LOG: RENDER: CwGame Component Mounted

[1A[2KBROWSER LOG: RENDER: CwGame Component Mounted

[1A[2KBROWSER LOG: RENDER: CwGame Component Mounted

[1A[2KBROWSER LOG: RENDER: CwGame Component Mounted

[1A[2KBROWSER LOG: RENDER: CwGame Component Mounted

[1A[2KBROWSER LOG: RENDER: CwGame Component Mounted

[1A[2KBROWSER LOG: RENDER: CwGame Component Mounted

[1A[2KBROWSER LOG: RENDER: CwGame Component Mounted

[1A[2KBROWSER LOG: RENDER: CwGame Component Mounted

[1A[2KBROWSER LOG: RENDER: CwGame Component Mounted

[1A[2KBROWSER LOG: RENDER: CwGame Component Mounted

[1A[2KBROWSER LOG: RENDER: CwGame Component Mounted

[1A[2KBROWSER LOG: RENDER: CwGame Component Mounted

[1A[2KBROWSER LOG: RENDER: CwGame Component Mounted

[1A[2KBROWSER LOG: RENDER: CwGame Component Mounted

[1A[2KBROWSER LOG: RENDER: CwGame Component Mounted

[1A[2KBROWSER LOG: RENDER: CwGame Component Mounted

[1A[2KBROWSER LOG: RENDER: CwGame Component Mounted

[1A[2KBROWSER LOG: RENDER: CwGame Component Mounted

[1A[2KBROWSER LOG: RENDER: CwGame Component Mounted

[1A[2KBROWSER LOG: RENDER: CwGame Component Mounted

[1A[2KBROWSER LOG: RENDER: CwGame Component Mounted

[1A[2KBROWSER LOG: RENDER: CwGame Component Mounted

[1A[2KBROWSER LOG: RENDER: CwGame Component Mounted

[1A[2KBROWSER LOG: RENDER: CwGame Component Mounted

[1A[2KBROWSER LOG: RENDER: CwGame Component Mounted

[1A[2KBROWSER LOG: RENDER: CwGame Component Mounted

[1A[2KBROWSER LOG: RENDER: CwGame Component Mounted

[1A[2KBROWSER LOG: RENDER: CwGame Component Mounted

[1A[2KBROWSER LOG: RENDER: CwGame Component Mounted

[1A[2KBROWSER LOG: RENDER: CwGame Component Mounted

[1A[2KBROWSER LOG: RENDER: CwGame Component Mounted

[1A[2KBROWSER LOG: RENDER: CwGame Component Mounted

[1A[2KBROWSER LOG: RENDER: CwGame Component Mounted

[1A[2KBROWSER LOG: RENDER: CwGame Component Mounted

[1A[2KBROWSER LOG: RENDER: CwGame Component Mounted

[1A[2KBROWSER LOG: RENDER: CwGame Component Mounted

[1A[2KBROWSER LOG: RENDER: CwGame Component Mounted

[1A[2KBROWSER LOG: RENDER: CwGame Component Mounted

[1A[2KBROWSER LOG: RENDER: CwGame Component Mounted

[1A[2KBROWSER LOG: RENDER: CwGame Component Mounted

[1A[2KBROWSER LOG: RENDER: CwGame Component Mounted

[1A[2KBROWSER LOG: RENDER: CwGame Component Mounted

[1A[2KBROWSER LOG: RENDER: CwGame Component Mounted

[1A[2KBROWSER LOG: RENDER: CwGame Component Mounted

[1A[2KBROWSER LOG: RENDER: CwGame Component Mounted

[1A[2KBROWSER LOG: RENDER: CwGame Component Mounted

[1A[2KBROWSER LOG: RENDER: CwGame Component Mounted

[1A[2KBROWSER LOG: RENDER: CwGame Component Mounted

[1A[2KBROWSER LOG: RENDER: CwGame Component Mounted

[1A[2KBROWSER LOG: RENDER: CwGame Component Mounted

[1A[2KBROWSER LOG: RENDER: CwGame Component Mounted

[1A[2KBROWSER LOG: RENDER: CwGame Component Mounted

[1A[2KBROWSER LOG: RENDER: CwGame Component Mounted

[1A[2KBROWSER LOG: RENDER: CwGame Component Mounted

[1A[2KBROWSER LOG: RENDER: CwGame Component Mounted

[1A[2KBROWSER LOG: RENDER: CwGame Component Mounted

[1A[2KBROWSER LOG: RENDER: CwGame Component Mounted

[1A[2KBROWSER LOG: RENDER: CwGame Component Mounted

[1A[2KBROWSER LOG: RENDER: CwGame Component Mounted

[1A[2KBROWSER LOG: RENDER: CwGame Component Mounted

[1A[2KBROWSER LOG: RENDER: CwGame Component Mounted

[1A[2KBROWSER LOG: RENDER: CwGame Component Mounted

[1A[2KBROWSER LOG: RENDER: CwGame Component Mounted

[1A[2KBROWSER LOG: RENDER: CwGame Component Mounted

[1A[2KBROWSER LOG: RENDER: CwGame Component Mounted

[1A[2KBROWSER LOG: RENDER: CwGame Component Mounted

[1A[2KBROWSER LOG: RENDER: CwGame Component Mounted

[1A[2KBROWSER LOG: RENDER: CwGame Component Mounted

[1A[2KBROWSER LOG: RENDER: CwGame Component Mounted

[1A[2KBROWSER LOG: RENDER: CwGame Component Mounted

[1A[2KBROWSER LOG: RENDER: CwGame Component Mounted

[1A[2KBROWSER LOG: RENDER: CwGame Component Mounted

[1A[2KBROWSER LOG: RENDER: CwGame Component Mounted

[1A[2KBROWSER LOG: RENDER: CwGame Component Mounted

[1A[2KBROWSER LOG: RENDER: CwGame Component Mounted

[1A[2KBROWSER LOG: RENDER: CwGame Component Mounted

[1A[2KBROWSER LOG: RENDER: CwGame Component Mounted

[1A[2KBROWSER LOG: RENDER: CwGame Component Mounted

[1A[2KBROWSER LOG: RENDER: CwGame Component Mounted

[1A[2KBROWSER LOG: RENDER: CwGame Component Mounted

[1A[2KBROWSER LOG: RENDER: CwGame Component Mounted

[1A[2KBROWSER LOG: RENDER: CwGame Component Mounted

[1A[2KBROWSER LOG: RENDER: CwGame Component Mounted

[1A[2KBROWSER LOG: RENDER: CwGame Component Mounted

[1A[2KBROWSER LOG: RENDER: CwGame Component Mounted

[1A[2KBROWSER LOG: RENDER: CwGame Component Mounted

[1A[2KBROWSER LOG: RENDER: CwGame Component Mounted

[1A[2KBROWSER LOG: RENDER: CwGame Component Mounted

[1A[2KBROWSER LOG: RENDER: CwGame Component Mounted

[1A[2KBROWSER LOG: RENDER: CwGame Component Mounted

[1A[2KBROWSER LOG: RENDER: CwGame Component Mounted

[1A[2KBROWSER LOG: RENDER: CwGame Component Mounted

[1A[2KBROWSER LOG: RENDER: CwGame Component Mounted

[1A[2KBROWSER LOG: RENDER: CwGame Component Mounted

[1A[2KBROWSER LOG: RENDER: CwGame Component Mounted

[1A[2KBROWSER LOG: RENDER: CwGame Component Mounted

[1A[2KBROWSER LOG: RENDER: CwGame Component Mounted

[1A[2KBROWSER LOG: RENDER: CwGame Component Mounted

[1A[2KBROWSER LOG: RENDER: CwGame Component Mounted

[1A[2KBROWSER LOG: RENDER: CwGame Component Mounted

[1A[2KBROWSER LOG: RENDER: CwGame Component Mounted

[1A[2KBROWSER LOG: RENDER: CwGame Component Mounted

[1A[2KBROWSER LOG: RENDER: CwGame Component Mounted

[1A[2KBROWSER LOG: RENDER: CwGame Component Mounted

[1A[2KBROWSER LOG: RENDER: CwGame Component Mounted

[1A[2KBROWSER LOG: RENDER: CwGame Component Mounted

[1A[2KBROWSER LOG: RENDER: CwGame Component Mounted

[1A[2KBROWSER LOG: RENDER: CwGame Component Mounted

[1A[2KBROWSER LOG: RENDER: CwGame Component Mounted

[1A[2KBROWSER LOG: RENDER: CwGame Component Mounted

[1A[2KBROWSER LOG: RENDER: CwGame Component Mounted

[1A[2KBROWSER LOG: RENDER: CwGame Component Mounted

[1A[2KBROWSER LOG: RENDER: CwGame Component Mounted

[1A[2KBROWSER LOG: RENDER: CwGame Component Mounted

[1A[2KBROWSER LOG: RENDER: CwGame Component Mounted

[1A[2KBROWSER LOG: RENDER: CwGame Component Mounted

[1A[2KBROWSER LOG: RENDER: CwGame Component Mounted

[1A[2KBROWSER LOG: RENDER: CwGame Component Mounted

[1A[2KBROWSER LOG: RENDER: CwGame Component Mounted

[1A[2KBROWSER LOG: RENDER: CwGame Component Mounted

[1A[2KBROWSER LOG: RENDER: CwGame Component Mounted

[1A[2KBROWSER LOG: RENDER: CwGame Component Mounted

[1A[2KBROWSER LOG: RENDER: CwGame Component Mounted

[1A[2KBROWSER LOG: RENDER: CwGame Component Mounted

[1A[2KBROWSER LOG: RENDER: CwGame Component Mounted

[1A[2KBROWSER LOG: RENDER: CwGame Component Mounted

[1A[2KBROWSER LOG: RENDER: CwGame Component Mounted

[1A[2KBROWSER LOG: RENDER: CwGame Component Mounted

[1A[2KBROWSER LOG: RENDER: CwGame Component Mounted

[1A[2KBROWSER LOG: RENDER: CwGame Component Mounted

[1A[2KBROWSER LOG: RENDER: CwGame Component Mounted

[1A[2KBROWSER LOG: RENDER: CwGame Component Mounted

[1A[2KBROWSER LOG: RENDER: CwGame Component Mounted

[1A[2KBROWSER LOG: RENDER: CwGame Component Mounted

[1A[2KBROWSER LOG: RENDER: CwGame Component Mounted

[1A[2KBROWSER LOG: RENDER: CwGame Component Mounted

[1A[2KBROWSER LOG: RENDER: CwGame Component Mounted

[1A[2KBROWSER LOG: RENDER: CwGame Component Mounted

[1A[2KBROWSER LOG: RENDER: CwGame Component Mounted

[1A[2KBROWSER LOG: RENDER: CwGame Component Mounted

[1A[2KBROWSER LOG: RENDER: CwGame Component Mounted

[1A[2KBROWSER LOG: RENDER: CwGame Component Mounted

[1A[2KBROWSER LOG: RENDER: CwGame Component Mounted

[1A[2KBROWSER LOG: RENDER: CwGame Component Mounted

[1A[2KBROWSER LOG: RENDER: CwGame Component Mounted

[1A[2KBROWSER LOG: RENDER: CwGame Component Mounted

[1A[2KBROWSER LOG: RENDER: CwGame Component Mounted

[1A[2KBROWSER LOG: RENDER: CwGame Component Mounted

[1A[2KBROWSER LOG: RENDER: CwGame Component Mounted

[1A[2KBROWSER LOG: RENDER: CwGame Component Mounted

[1A[2KBROWSER LOG: RENDER: CwGame Component Mounted

[1A[2KBROWSER LOG: RENDER: CwGame Component Mounted

[1A[2KBROWSER LOG: RENDER: CwGame Component Mounted

[1A[2KBROWSER LOG: RENDER: CwGame Component Mounted

[1A[2KBROWSER LOG: RENDER: CwGame Component Mounted

[1A[2KBROWSER LOG: RENDER: CwGame Component Mounted

[1A[2KBROWSER LOG: RENDER: CwGame Component Mounted

[1A[2KBROWSER LOG: RENDER: CwGame Component Mounted

[1A[2KBROWSER LOG: RENDER: CwGame Component Mounted

[1A[2KBROWSER LOG: RENDER: CwGame Component Mounted

[1A[2KBROWSER LOG: RENDER: CwGame Component Mounted

[1A[2KBROWSER LOG: RENDER: CwGame Component Mounted

[1A[2KBROWSER LOG: RENDER: CwGame Component Mounted

[1A[2KBROWSER LOG: RENDER: CwGame Component Mounted

[1A[2KBROWSER LOG: RENDER: CwGame Component Mounted

[1A[2KBROWSER LOG: RENDER: CwGame Component Mounted

[1A[2KBROWSER LOG: RENDER: CwGame Component Mounted

[1A[2KBROWSER LOG: RENDER: CwGame Component Mounted

[1A[2KBROWSER LOG: RENDER: CwGame Component Mounted

[1A[2KBROWSER LOG: RENDER: CwGame Component Mounted

[1A[2KBROWSER LOG: RENDER: CwGame Component Mounted

[1A[2KBROWSER LOG: RENDER: CwGame Component Mounted

[1A[2KBROWSER LOG: RENDER: CwGame Component Mounted

[1A[2KBROWSER LOG: RENDER: CwGame Component Mounted

[1A[2KBROWSER LOG: RENDER: CwGame Component Mounted

[1A[2KBROWSER LOG: RENDER: CwGame Component Mounted

[1A[2KBROWSER LOG: RENDER: CwGame Component Mounted

[1A[2KBROWSER LOG: RENDER: CwGame Component Mounted

[1A[2KBROWSER LOG: RENDER: CwGame Component Mounted

[1A[2KBROWSER LOG: RENDER: CwGame Component Mounted

[1A[2KBROWSER LOG: RENDER: CwGame Component Mounted

[1A[2KBROWSER LOG: RENDER: CwGame Component Mounted

[1A[2KBROWSER LOG: RENDER: CwGame Component Mounted

[1A[2KBROWSER LOG: RENDER: CwGame Component Mounted

[1A[2KBROWSER LOG: RENDER: CwGame Component Mounted

[1A[2KBROWSER LOG: RENDER: CwGame Component Mounted

[1A[2KBROWSER LOG: RENDER: CwGame Component Mounted

[1A[2KBROWSER LOG: RENDER: CwGame Component Mounted

[1A[2KBROWSER LOG: RENDER: CwGame Component Mounted

[1A[2KBROWSER LOG: RENDER: CwGame Component Mounted

[1A[2KBROWSER LOG: RENDER: CwGame Component Mounted

[1A[2KBROWSER LOG: RENDER: CwGame Component Mounted

[1A[2KBROWSER LOG: RENDER: CwGame Component Mounted

[1A[2KBROWSER LOG: RENDER: CwGame Component Mounted

[1A[2KBROWSER LOG: RENDER: CwGame Component Mounted

[1A[2KBROWSER LOG: RENDER: CwGame Component Mounted

[1A[2KBROWSER LOG: RENDER: CwGame Component Mounted

[1A[2KBROWSER LOG: RENDER: CwGame Component Mounted

[1A[2KBROWSER LOG: RENDER: CwGame Component Mounted

[1A[2KBROWSER LOG: RENDER: CwGame Component Mounted

[1A[2KBROWSER LOG: RENDER: CwGame Component Mounted

[1A[2KBROWSER LOG: RENDER: CwGame Component Mounted

[1A[2KBROWSER LOG: RENDER: CwGame Component Mounted

[1A[2KBROWSER LOG: RENDER: CwGame Component Mounted

[1A[2KBROWSER LOG: RENDER: CwGame Component Mounted

[1A[2KBROWSER LOG: RENDER: CwGame Component Mounted

[1A[2KBROWSER LOG: RENDER: CwGame Component Mounted

[1A[2KBROWSER LOG: RENDER: CwGame Component Mounted

[1A[2KBROWSER LOG: RENDER: CwGame Component Mounted

[1A[2KBROWSER LOG: RENDER: CwGame Component Mounted

[1A[2KBROWSER LOG: RENDER: CwGame Component Mounted

[1A[2KBROWSER LOG: RENDER: CwGame Component Mounted

[1A[2KBROWSER LOG: RENDER: CwGame Component Mounted

[1A[2KBROWSER LOG: RENDER: CwGame Component Mounted

[1A[2KBROWSER LOG: RENDER: CwGame Component Mounted

[1A[2KBROWSER LOG: RENDER: CwGame Component Mounted

[1A[2KBROWSER LOG: RENDER: CwGame Component Mounted

[1A[2KBROWSER LOG: RENDER: CwGame Component Mounted

[1A[2KBROWSER LOG: RENDER: CwGame Component Mounted

[1A[2KBROWSER LOG: RENDER: CwGame Component Mounted

[1A[2KBROWSER LOG: RENDER: CwGame Component Mounted

[1A[2KBROWSER LOG: RENDER: CwGame Component Mounted

[1A[2KBROWSER LOG: RENDER: CwGame Component Mounted

[1A[2KBROWSER LOG: RENDER: CwGame Component Mounted

[1A[2KBROWSER LOG: RENDER: CwGame Component Mounted

[1A[2KBROWSER LOG: RENDER: CwGame Component Mounted

[1A[2KBROWSER LOG: RENDER: CwGame Component Mounted

[1A[2KBROWSER LOG: RENDER: CwGame Component Mounted

[1A[2KBROWSER LOG: RENDER: CwGame Component Mounted

[1A[2KBROWSER LOG: RENDER: CwGame Component Mounted

[1A[2KBROWSER LOG: RENDER: CwGame Component Mounted

[1A[2KBROWSER LOG: RENDER: CwGame Component Mounted

[1A[2KBROWSER LOG: RENDER: CwGame Component Mounted

[1A[2KBROWSER LOG: RENDER: CwGame Component Mounted

[1A[2KBROWSER LOG: RENDER: CwGame Component Mounted

[1A[2KBROWSER LOG: RENDER: CwGame Component Mounted

[1A[2KBROWSER LOG: RENDER: CwGame Component Mounted

[1A[2KBROWSER LOG: RENDER: CwGame Component Mounted

[1A[2KBROWSER LOG: RENDER: CwGame Component Mounted

[1A[2KBROWSER LOG: RENDER: CwGame Component Mounted

[1A[2KBROWSER LOG: RENDER: CwGame Component Mounted

[1A[2KBROWSER LOG: RENDER: CwGame Component Mounted

[1A[2KBROWSER LOG: RENDER: CwGame Component Mounted

[1A[2KBROWSER LOG: RENDER: CwGame Component Mounted

[1A[2KBROWSER LOG: RENDER: CwGame Component Mounted

[1A[2KBROWSER LOG: RENDER: CwGame Component Mounted

[1A[2KBROWSER LOG: RENDER: CwGame Component Mounted

[1A[2KBROWSER LOG: RENDER: CwGame Component Mounted

[1A[2KBROWSER LOG: RENDER: CwGame Component Mounted

[1A[2KBROWSER LOG: RENDER: CwGame Component Mounted

[1A[2KBROWSER LOG: RENDER: CwGame Component Mounted

[1A[2KBROWSER LOG: RENDER: CwGame Component Mounted

[1A[2KBROWSER LOG: RENDER: CwGame Component Mounted

[1A[2KBROWSER LOG: RENDER: CwGame Component Mounted

[1A[2KBROWSER LOG: RENDER: CwGame Component Mounted

[1A[2KBROWSER LOG: RENDER: CwGame Component Mounted

[1A[2KBROWSER LOG: RENDER: CwGame Component Mounted

[1A[2KBROWSER LOG: RENDER: CwGame Component Mounted

[1A[2KBROWSER LOG: RENDER: CwGame Component Mounted

[1A[2KBROWSER LOG: RENDER: CwGame Component Mounted

[1A[2KBROWSER LOG: RENDER: CwGame Component Mounted

[1A[2KBROWSER LOG: RENDER: CwGame Component Mounted

[1A[2KBROWSER LOG: RENDER: CwGame Component Mounted

[1A[2KBROWSER LOG: RENDER: CwGame Component Mounted

[1A[2KBROWSER LOG: RENDER: CwGame Component Mounted

[1A[2KBROWSER LOG: RENDER: CwGame Component Mounted

[1A[2KBROWSER LOG: RENDER: CwGame Component Mounted

[1A[2KBROWSER LOG: RENDER: CwGame Component Mounted

[1A[2KBROWSER LOG: RENDER: CwGame Component Mounted

[1A[2KBROWSER LOG: RENDER: CwGame Component Mounted

[1A[2KBROWSER LOG: RENDER: CwGame Component Mounted

[1A[2KBROWSER LOG: RENDER: CwGame Component Mounted

[1A[2KBROWSER LOG: RENDER: CwGame Component Mounted

[1A[2KBROWSER LOG: RENDER: CwGame Component Mounted

[1A[2KBROWSER LOG: RENDER: CwGame Component Mounted

[1A[2KBROWSER LOG: SPAWN: F at x=35.62569472062238, speed=0.3

[1A[2KBROWSER LOG: RENDER: CwGame Component Mounted

[1A[2KBROWSER LOG: RENDER: CwGame Component Mounted

[1A[2KBROWSER LOG: RENDER: CwGame Component Mounted

[1A[2KBROWSER LOG: RENDER: CwGame Component Mounted

[1A[2KBROWSER LOG: RENDER: CwGame Component Mounted

[1A[2KBROWSER LOG: RENDER: CwGame Component Mounted

[1A[2KBROWSER LOG: RENDER: CwGame Component Mounted

[1A[2KBROWSER LOG: RENDER: CwGame Component Mounted

[1A[2KBROWSER LOG: RENDER: CwGame Component Mounted

[1A[2KBROWSER LOG: RENDER: CwGame Component Mounted

[1A[2KBROWSER LOG: RENDER: CwGame Component Mounted

[1A[2KBROWSER LOG: RENDER: CwGame Component Mounted

[1A[2KBROWSER LOG: RENDER: CwGame Component Mounted

[1A[2KBROWSER LOG: RENDER: CwGame Component Mounted

[1A[2KBROWSER LOG: RENDER: CwGame Component Mounted

[1A[2KBROWSER LOG: RENDER: CwGame Component Mounted

[1A[2KBROWSER LOG: RENDER: CwGame Component Mounted

[1A[2KBROWSER LOG: RENDER: CwGame Component Mounted

[1A[2KBROWSER LOG: RENDER: CwGame Component Mounted

[1A[2KBROWSER LOG: RENDER: CwGame Component Mounted

[1A[2KBROWSER LOG: RENDER: CwGame Component Mounted

[1A[2KBROWSER LOG: RENDER: CwGame Component Mounted

[1A[2KBROWSER LOG: RENDER: CwGame Component Mounted

[1A[2KBROWSER LOG: RENDER: CwGame Component Mounted

[1A[2KBROWSER LOG: RENDER: CwGame Component Mounted

[1A[2KBROWSER LOG: RENDER: CwGame Component Mounted

[1A[2KBROWSER LOG: RENDER: CwGame Component Mounted

[1A[2KBROWSER LOG: RENDER: CwGame Component Mounted

[1A[2KBROWSER LOG: RENDER: CwGame Component Mounted

[1A[2KBROWSER LOG: RENDER: CwGame Component Mounted

[1A[2KBROWSER LOG: RENDER: CwGame Component Mounted

[1A[2KBROWSER LOG: RENDER: CwGame Component Mounted

[1A[2KBROWSER LOG: RENDER: CwGame Component Mounted

[1A[2KBROWSER LOG: RENDER: CwGame Component Mounted

[1A[2KBROWSER LOG: RENDER: CwGame Component Mounted

[1A[2KBROWSER LOG: RENDER: CwGame Component Mounted

[1A[2KBROWSER LOG: RENDER: CwGame Component Mounted

[1A[2KBROWSER LOG: RENDER: CwGame Component Mounted

[1A[2KBROWSER LOG: RENDER: CwGame Component Mounted

[1A[2KBROWSER LOG: RENDER: CwGame Component Mounted

[1A[2KBROWSER LOG: RENDER: CwGame Component Mounted

[1A[2KBROWSER LOG: RENDER: CwGame Component Mounted

[1A[2KBROWSER LOG: RENDER: CwGame Component Mounted

[1A[2KBROWSER LOG: RENDER: CwGame Component Mounted

[1A[2KBROWSER LOG: RENDER: CwGame Component Mounted

[1A[2KBROWSER LOG: RENDER: CwGame Component Mounted

[1A[2KBROWSER LOG: RENDER: CwGame Component Mounted

[1A[2KBROWSER LOG: RENDER: CwGame Component Mounted

[1A[2KBROWSER LOG: RENDER: CwGame Component Mounted

[1A[2KBROWSER LOG: RENDER: CwGame Component Mounted

[1A[2KBROWSER LOG: RENDER: CwGame Component Mounted

[1A[2KBROWSER LOG: RENDER: CwGame Component Mounted

[1A[2KBROWSER LOG: RENDER: CwGame Component Mounted

[1A[2KBROWSER LOG: RENDER: CwGame Component Mounted

[1A[2KBROWSER LOG: RENDER: CwGame Component Mounted

[1A[2KBROWSER LOG: RENDER: CwGame Component Mounted

[1A[2KBROWSER LOG: RENDER: CwGame Component Mounted

[1A[2KBROWSER LOG: RENDER: CwGame Component Mounted

[1A[2KBROWSER LOG: RENDER: CwGame Component Mounted

[1A[2KBROWSER LOG: RENDER: CwGame Component Mounted

[1A[2KBROWSER LOG: RENDER: CwGame Component Mounted

[1A[2KBROWSER LOG: RENDER: CwGame Component Mounted

[1A[2KBROWSER LOG: RENDER: CwGame Component Mounted

[1A[2KBROWSER LOG: RENDER: CwGame Component Mounted

[1A[2KBROWSER LOG: RENDER: CwGame Component Mounted

[1A[2KBROWSER LOG: RENDER: CwGame Component Mounted

[1A[2KBROWSER LOG: RENDER: CwGame Component Mounted

[1A[2KBROWSER LOG: RENDER: CwGame Component Mounted

[1A[2KBROWSER LOG: RENDER: CwGame Component Mounted

[1A[2KBROWSER LOG: RENDER: CwGame Component Mounted

[1A[2KBROWSER LOG: RENDER: CwGame Component Mounted

[1A[2KBROWSER LOG: RENDER: CwGame Component Mounted

[1A[2KBROWSER LOG: RENDER: CwGame Component Mounted

[1A[2KBROWSER LOG: RENDER: CwGame Component Mounted

[1A[2KBROWSER LOG: RENDER: CwGame Component Mounted

[1A[2KBROWSER LOG: RENDER: CwGame Component Mounted

[1A[2KBROWSER LOG: RENDER: CwGame Component Mounted

[1A[2KBROWSER LOG: RENDER: CwGame Component Mounted

[1A[2KBROWSER LOG: RENDER: CwGame Component Mounted

[1A[2KBROWSER LOG: RENDER: CwGame Component Mounted

[1A[2KBROWSER LOG: RENDER: CwGame Component Mounted

[1A[2KBROWSER LOG: RENDER: CwGame Component Mounted

[1A[2KBROWSER LOG: RENDER: CwGame Component Mounted

[1A[2KBROWSER LOG: RENDER: CwGame Component Mounted

[1A[2KBROWSER LOG: RENDER: CwGame Component Mounted

[1A[2KBROWSER LOG: RENDER: CwGame Component Mounted

[1A[2KBROWSER LOG: RENDER: CwGame Component Mounted

[1A[2KBROWSER LOG: RENDER: CwGame Component Mounted

[1A[2KBROWSER LOG: RENDER: CwGame Component Mounted

[1A[2KBROWSER LOG: RENDER: CwGame Component Mounted

[1A[2KBROWSER LOG: RENDER: CwGame Component Mounted

[1A[2KBROWSER LOG: RENDER: CwGame Component Mounted

[1A[2KBROWSER LOG: RENDER: CwGame Component Mounted

[1A[2KBROWSER LOG: RENDER: CwGame Component Mounted

[1A[2KBROWSER LOG: RENDER: CwGame Component Mounted

[1A[2KBROWSER LOG: RENDER: CwGame Component Mounted

[1A[2KBROWSER LOG: RENDER: CwGame Component Mounted

[1A[2KBROWSER LOG: RENDER: CwGame Component Mounted

[1A[2KBROWSER LOG: RENDER: CwGame Component Mounted

[1A[2KBROWSER LOG: RENDER: CwGame Component Mounted

[1A[2KBROWSER LOG: RENDER: CwGame Component Mounted

[1A[2KBROWSER LOG: RENDER: CwGame Component Mounted

[1A[2KBROWSER LOG: RENDER: CwGame Component Mounted

[1A[2KBROWSER LOG: RENDER: CwGame Component Mounted

[1A[2KBROWSER LOG: RENDER: CwGame Component Mounted

[1A[2KBROWSER LOG: RENDER: CwGame Component Mounted

[1A[2KBROWSER LOG: RENDER: CwGame Component Mounted

[1A[2KBROWSER LOG: RENDER: CwGame Component Mounted

[1A[2KBROWSER LOG: RENDER: CwGame Component Mounted

[1A[2KBROWSER LOG: RENDER: CwGame Component Mounted

[1A[2KBROWSER LOG: RENDER: CwGame Component Mounted

[1A[2KBROWSER LOG: RENDER: CwGame Component Mounted

[1A[2KBROWSER LOG: RENDER: CwGame Component Mounted

[1A[2KBROWSER LOG: RENDER: CwGame Component Mounted

[1A[2KBROWSER LOG: RENDER: CwGame Component Mounted

[1A[2KBROWSER LOG: RENDER: CwGame Component Mounted

[1A[2KBROWSER LOG: RENDER: CwGame Component Mounted

[1A[2KBROWSER LOG: RENDER: CwGame Component Mounted

[1A[2KBROWSER LOG: RENDER: CwGame Component Mounted

[1A[2KBROWSER LOG: RENDER: CwGame Component Mounted

[1A[2KBROWSER LOG: RENDER: CwGame Component Mounted

[1A[2KBROWSER LOG: RENDER: CwGame Component Mounted

[1A[2KBROWSER LOG: RENDER: CwGame Component Mounted

[1A[2KBROWSER LOG: RENDER: CwGame Component Mounted

[1A[2KBROWSER LOG: RENDER: CwGame Component Mounted

[1A[2KBROWSER LOG: RENDER: CwGame Component Mounted

[1A[2KBROWSER LOG: RENDER: CwGame Component Mounted

[1A[2KBROWSER LOG: RENDER: CwGame Component Mounted

[1A[2KBROWSER LOG: RENDER: CwGame Component Mounted

[1A[2KBROWSER LOG: RENDER: CwGame Component Mounted

[1A[2KBROWSER LOG: RENDER: CwGame Component Mounted

[1A[2KBROWSER LOG: RENDER: CwGame Component Mounted

[1A[2KBROWSER LOG: RENDER: CwGame Component Mounted

[1A[2KBROWSER LOG: RENDER: CwGame Component Mounted

[1A[2KBROWSER LOG: RENDER: CwGame Component Mounted

[1A[2KBROWSER LOG: RENDER: CwGame Component Mounted

[1A[2KBROWSER LOG: RENDER: CwGame Component Mounted

[1A[2KBROWSER LOG: RENDER: CwGame Component Mounted

[1A[2KBROWSER LOG: RENDER: CwGame Component Mounted

[1A[2KBROWSER LOG: RENDER: CwGame Component Mounted

[1A[2KBROWSER LOG: RENDER: CwGame Component Mounted

[1A[2KBROWSER LOG: RENDER: CwGame Component Mounted

[1A[2KBROWSER LOG: RENDER: CwGame Component Mounted

[1A[2KBROWSER LOG: RENDER: CwGame Component Mounted

[1A[2KBROWSER LOG: RENDER: CwGame Component Mounted

[1A[2KBROWSER LOG: RENDER: CwGame Component Mounted

[1A[2KBROWSER LOG: RENDER: CwGame Component Mounted

[1A[2KBROWSER LOG: RENDER: CwGame Component Mounted

[1A[2KBROWSER LOG: RENDER: CwGame Component Mounted

[1A[2KBROWSER LOG: RENDER: CwGame Component Mounted

[1A[2KBROWSER LOG: RENDER: CwGame Component Mounted

[1A[2KBROWSER LOG: RENDER: CwGame Component Mounted

[1A[2KBROWSER LOG: RENDER: CwGame Component Mounted

[1A[2KBROWSER LOG: RENDER: CwGame Component Mounted

[1A[2KBROWSER LOG: RENDER: CwGame Component Mounted

[1A[2KBROWSER LOG: RENDER: CwGame Component Mounted

[1A[2KBROWSER LOG: RENDER: CwGame Component Mounted

[1A[2KBROWSER LOG: RENDER: CwGame Component Mounted

[1A[2KBROWSER LOG: RENDER: CwGame Component Mounted

[1A[2KBROWSER LOG: RENDER: CwGame Component Mounted

[1A[2KBROWSER LOG: RENDER: CwGame Component Mounted

[1A[2KBROWSER LOG: RENDER: CwGame Component Mounted

[1A[2KBROWSER LOG: RENDER: CwGame Component Mounted

[1A[2KBROWSER LOG: RENDER: CwGame Component Mounted

[1A[2KBROWSER LOG: RENDER: CwGame Component Mounted

[1A[2KBROWSER LOG: RENDER: CwGame Component Mounted

[1A[2KBROWSER LOG: RENDER: CwGame Component Mounted

[1A[2KBROWSER LOG: RENDER: CwGame Component Mounted

[1A[2KBROWSER LOG: RENDER: CwGame Component Mounted

[1A[2KBROWSER LOG: RENDER: CwGame Component Mounted

[1A[2KBROWSER LOG: RENDER: CwGame Component Mounted

[1A[2KBROWSER LOG: RENDER: CwGame Component Mounted

[1A[2KBROWSER LOG: RENDER: CwGame Component Mounted

[1A[2KBROWSER LOG: RENDER: CwGame Component Mounted

[1A[2KBROWSER LOG: RENDER: CwGame Component Mounted

[1A[2KBROWSER LOG: RENDER: CwGame Component Mounted

[1A[2KBROWSER LOG: RENDER: CwGame Component Mounted

[1A[2KBROWSER LOG: RENDER: CwGame Component Mounted

[1A[2KBROWSER LOG: RENDER: CwGame Component Mounted

[1A[2KBROWSER LOG: RENDER: CwGame Component Mounted

[1A[2KBROWSER LOG: RENDER: CwGame Component Mounted

[1A[2KBROWSER LOG: RENDER: CwGame Component Mounted

[1A[2KBROWSER LOG: RENDER: CwGame Component Mounted

[1A[2KBROWSER LOG: RENDER: CwGame Component Mounted

[1A[2KBROWSER LOG: RENDER: CwGame Component Mounted

[1A[2KBROWSER LOG: RENDER: CwGame Component Mounted

[1A[2KBROWSER LOG: RENDER: CwGame Component Mounted

[1A[2KBROWSER LOG: RENDER: CwGame Component Mounted

[1A[2KBROWSER LOG: RENDER: CwGame Component Mounted

[1A[2KBROWSER LOG: RENDER: CwGame Component Mounted

[1A[2KBROWSER LOG: RENDER: CwGame Component Mounted

[1A[2KBROWSER LOG: RENDER: CwGame Component Mounted

[1A[2KBROWSER LOG: RENDER: CwGame Component Mounted

[1A[2KBROWSER LOG: RENDER: CwGame Component Mounted

[1A[2KBROWSER LOG: RENDER: CwGame Component Mounted

[1A[2KBROWSER LOG: RENDER: CwGame Component Mounted

[1A[2KBROWSER LOG: RENDER: CwGame Component Mounted

[1A[2KBROWSER LOG: RENDER: CwGame Component Mounted

[1A[2KBROWSER LOG: RENDER: CwGame Component Mounted

[1A[2KBROWSER LOG: RENDER: CwGame Component Mounted

[1A[2KBROWSER LOG: RENDER: CwGame Component Mounted

[1A[2KBROWSER LOG: RENDER: CwGame Component Mounted

[1A[2KBROWSER LOG: RENDER: CwGame Component Mounted

[1A[2KBROWSER LOG: RENDER: CwGame Component Mounted

[1A[2KBROWSER LOG: RENDER: CwGame Component Mounted

[1A[2KBROWSER LOG: RENDER: CwGame Component Mounted

[1A[2KBROWSER LOG: RENDER: CwGame Component Mounted

[1A[2KBROWSER LOG: RENDER: CwGame Component Mounted

[1A[2KBROWSER LOG: RENDER: CwGame Component Mounted

[1A[2KBROWSER LOG: RENDER: CwGame Component Mounted

[1A[2KBROWSER LOG: RENDER: CwGame Component Mounted

[1A[2KBROWSER LOG: RENDER: CwGame Component Mounted

[1A[2KBROWSER LOG: RENDER: CwGame Component Mounted

[1A[2KBROWSER LOG: RENDER: CwGame Component Mounted

[1A[2KBROWSER LOG: RENDER: CwGame Component Mounted

[1A[2KBROWSER LOG: RENDER: CwGame Component Mounted

[1A[2KBROWSER LOG: RENDER: CwGame Component Mounted

[1A[2KBROWSER LOG: RENDER: CwGame Component Mounted

[1A[2KBROWSER LOG: RENDER: CwGame Component Mounted

[1A[2KBROWSER LOG: RENDER: CwGame Component Mounted

[1A[2KBROWSER LOG: RENDER: CwGame Component Mounted

[1A[2KBROWSER LOG: RENDER: CwGame Component Mounted

[1A[2KBROWSER LOG: RENDER: CwGame Component Mounted

[1A[2KBROWSER LOG: RENDER: CwGame Component Mounted

[1A[2KBROWSER LOG: RENDER: CwGame Component Mounted

[1A[2KBROWSER LOG: RENDER: CwGame Component Mounted

[1A[2KBROWSER LOG: RENDER: CwGame Component Mounted

[1A[2KBROWSER LOG: RENDER: CwGame Component Mounted

[1A[2KBROWSER LOG: RENDER: CwGame Component Mounted

[1A[2KBROWSER LOG: RENDER: CwGame Component Mounted

[1A[2KBROWSER LOG: RENDER: CwGame Component Mounted

[1A[2KBROWSER LOG: RENDER: CwGame Component Mounted

[1A[2KBROWSER LOG: RENDER: CwGame Component Mounted

[1A[2KBROWSER LOG: RENDER: CwGame Component Mounted

[1A[2KBROWSER LOG: RENDER: CwGame Component Mounted

[1A[2KBROWSER LOG: RENDER: CwGame Component Mounted

[1A[2KBROWSER LOG: RENDER: CwGame Component Mounted

[1A[2KBROWSER LOG: RENDER: CwGame Component Mounted

[1A[2KBROWSER LOG: RENDER: CwGame Component Mounted

[1A[2KBROWSER LOG: RENDER: CwGame Component Mounted

[1A[2KBROWSER LOG: RENDER: CwGame Component Mounted

[1A[2KBROWSER LOG: RENDER: CwGame Component Mounted

[1A[2KBROWSER LOG: RENDER: CwGame Component Mounted

[1A[2KBROWSER LOG: RENDER: CwGame Component Mounted

[1A[2KBROWSER LOG: RENDER: CwGame Component Mounted

[1A[2KBROWSER LOG: RENDER: CwGame Component Mounted

[1A[2KBROWSER LOG: RENDER: CwGame Component Mounted

[1A[2KBROWSER LOG: RENDER: CwGame Component Mounted

[1A[2KBROWSER LOG: RENDER: CwGame Component Mounted

[1A[2KBROWSER LOG: RENDER: CwGame Component Mounted

[1A[2KBROWSER LOG: RENDER: CwGame Component Mounted

[1A[2KBROWSER LOG: RENDER: CwGame Component Mounted

[1A[2KBROWSER LOG: RENDER: CwGame Component Mounted

[1A[2KBROWSER LOG: RENDER: CwGame Component Mounted

[1A[2KBROWSER LOG: RENDER: CwGame Component Mounted

[1A[2KBROWSER LOG: RENDER: CwGame Component Mounted

[1A[2KBROWSER LOG: RENDER: CwGame Component Mounted

[1A[2KBROWSER LOG: RENDER: CwGame Component Mounted

[1A[2KBROWSER LOG: RENDER: CwGame Component Mounted

[1A[2KBROWSER LOG: RENDER: CwGame Component Mounted

[1A[2KBROWSER LOG: RENDER: CwGame Component Mounted

[1A[2KBROWSER LOG: RENDER: CwGame Component Mounted

[1A[2KBROWSER LOG: RENDER: CwGame Component Mounted

[1A[2KBROWSER LOG: RENDER: CwGame Component Mounted

[1A[2KBROWSER LOG: RENDER: CwGame Component Mounted

[1A[2KBROWSER LOG: RENDER: CwGame Component Mounted

[1A[2KBROWSER LOG: RENDER: CwGame Component Mounted

[1A[2KBROWSER LOG: RENDER: CwGame Component Mounted

[1A[2KBROWSER LOG: RENDER: CwGame Component Mounted

[1A[2KBROWSER LOG: RENDER: CwGame Component Mounted

[1A[2KBROWSER LOG: RENDER: CwGame Component Mounted

[1A[2KBROWSER LOG: RENDER: CwGame Component Mounted

[1A[2KBROWSER LOG: RENDER: CwGame Component Mounted

[1A[2KBROWSER LOG: RENDER: CwGame Component Mounted

[1A[2KBROWSER LOG: RENDER: CwGame Component Mounted

[1A[2KBROWSER LOG: RENDER: CwGame Component Mounted

[1A[2KBROWSER LOG: RENDER: CwGame Component Mounted

[1A[2KBROWSER LOG: RENDER: CwGame Component Mounted

[1A[2KBROWSER LOG: RENDER: CwGame Component Mounted

[1A[2KBROWSER LOG: RENDER: CwGame Component Mounted

[1A[2KBROWSER LOG: RENDER: CwGame Component Mounted

[1A[2KBROWSER LOG: RENDER: CwGame Component Mounted

[1A[2KBROWSER LOG: RENDER: CwGame Component Mounted

[1A[2KBROWSER LOG: RENDER: CwGame Component Mounted

[1A[2KBROWSER LOG: RENDER: CwGame Component Mounted

[1A[2KBROWSER LOG: RENDER: CwGame Component Mounted

[1A[2KBROWSER LOG: RENDER: CwGame Component Mounted

[1A[2KBROWSER LOG: RENDER: CwGame Component Mounted

[1A[2KBROWSER LOG: RENDER: CwGame Component Mounted

[1A[2KBROWSER LOG: RENDER: CwGame Component Mounted

[1A[2KBROWSER LOG: RENDER: CwGame Component Mounted

[1A[2KBROWSER LOG: RENDER: CwGame Component Mounted

[1A[2KBROWSER LOG: RENDER: CwGame Component Mounted

[1A[2KBROWSER LOG: RENDER: CwGame Component Mounted

[1A[2KBROWSER LOG: RENDER: CwGame Component Mounted

[1A[2KBROWSER LOG: RENDER: CwGame Component Mounted

[1A[2KBROWSER LOG: RENDER: CwGame Component Mounted

[1A[2KBROWSER LOG: RENDER: CwGame Component Mounted

[1A[2KBROWSER LOG: RENDER: CwGame Component Mounted

[1A[2KBROWSER LOG: RENDER: CwGame Component Mounted

[1A[2KBROWSER LOG: RENDER: CwGame Component Mounted

[1A[2KBROWSER LOG: RENDER: CwGame Component Mounted

[1A[2KBROWSER LOG: RENDER: CwGame Component Mounted

[1A[2KBROWSER LOG: RENDER: CwGame Component Mounted

[1A[2KBROWSER LOG: RENDER: CwGame Component Mounted

[1A[2KBROWSER LOG: RENDER: CwGame Component Mounted

[1A[2KBROWSER LOG: RENDER: CwGame Component Mounted

[1A[2KBROWSER LOG: RENDER: CwGame Component Mounted

[1A[2KBROWSER LOG: RENDER: CwGame Component Mounted

[1A[2KBROWSER LOG: RENDER: CwGame Component Mounted

[1A[2KBROWSER LOG: RENDER: CwGame Component Mounted

[1A[2KBROWSER LOG: RENDER: CwGame Component Mounted

[1A[2KBROWSER LOG: RENDER: CwGame Component Mounted

[1A[2KBROWSER LOG: RENDER: CwGame Component Mounted

[1A[2KBROWSER LOG: RENDER: CwGame Component Mounted

[1A[2KBROWSER LOG: RENDER: CwGame Component Mounted

[1A[2KBROWSER LOG: RENDER: CwGame Component Mounted

[1A[2KBROWSER LOG: RENDER: CwGame Component Mounted

[1A[2KBROWSER LOG: RENDER: CwGame Component Mounted

[1A[2KBROWSER LOG: RENDER: CwGame Component Mounted

[1A[2KBROWSER LOG: RENDER: CwGame Component Mounted

[1A[2KBROWSER LOG: RENDER: CwGame Component Mounted

[1A[2KBROWSER LOG: RENDER: CwGame Component Mounted

[1A[2KBROWSER LOG: RENDER: CwGame Component Mounted

[1A[2KBROWSER LOG: RENDER: CwGame Component Mounted

[1A[2KBROWSER LOG: RENDER: CwGame Component Mounted

[1A[2KBROWSER LOG: RENDER: CwGame Component Mounted

[1A[2KBROWSER LOG: RENDER: CwGame Component Mounted

[1A[2KBROWSER LOG: RENDER: CwGame Component Mounted

[1A[2KBROWSER LOG: RENDER: CwGame Component Mounted

[1A[2KBROWSER LOG: RENDER: CwGame Component Mounted

[1A[2KBROWSER LOG: RENDER: CwGame Component Mounted

[1A[2KBROWSER LOG: RENDER: CwGame Component Mounted

[1A[2KBROWSER LOG: RENDER: CwGame Component Mounted

[1A[2KBROWSER LOG: RENDER: CwGame Component Mounted

[1A[2KBROWSER LOG: RENDER: CwGame Component Mounted

[1A[2KBROWSER LOG: RENDER: CwGame Component Mounted

[1A[2KBROWSER LOG: RENDER: CwGame Component Mounted

[1A[2KBROWSER LOG: RENDER: CwGame Component Mounted

[1A[2KBROWSER LOG: RENDER: CwGame Component Mounted

[1A[2KBROWSER LOG: RENDER: CwGame Component Mounted

[1A[2KBROWSER LOG: RENDER: CwGame Component Mounted

[1A[2KBROWSER LOG: RENDER: CwGame Component Mounted

[1A[2KBROWSER LOG: RENDER: CwGame Component Mounted

[1A[2KBROWSER LOG: RENDER: CwGame Component Mounted

[1A[2KBROWSER LOG: RENDER: CwGame Component Mounted

[1A[2KBROWSER LOG: RENDER: CwGame Component Mounted

[1A[2KBROWSER LOG: RENDER: CwGame Component Mounted

[1A[2KBROWSER LOG: RENDER: CwGame Component Mounted

[1A[2KBROWSER LOG: RENDER: CwGame Component Mounted

[1A[2KBROWSER LOG: RENDER: CwGame Component Mounted

[1A[2KBROWSER LOG: RENDER: CwGame Component Mounted

[1A[2KBROWSER LOG: RENDER: CwGame Component Mounted

[1A[2KBROWSER LOG: RENDER: CwGame Component Mounted

[1A[2KBROWSER LOG: RENDER: CwGame Component Mounted

[1A[2KBROWSER LOG: RENDER: CwGame Component Mounted

[1A[2KBROWSER LOG: RENDER: CwGame Component Mounted

[1A[2KBROWSER LOG: RENDER: CwGame Component Mounted

[1A[2KBROWSER LOG: RENDER: CwGame Component Mounted

[1A[2KBROWSER LOG: RENDER: CwGame Component Mounted

[1A[2KBROWSER LOG: RENDER: CwGame Component Mounted

[1A[2KBROWSER LOG: RENDER: CwGame Component Mounted

[1A[2KBROWSER LOG: RENDER: CwGame Component Mounted

[1A[2KBROWSER LOG: RENDER: CwGame Component Mounted

[1A[2KBROWSER LOG: RENDER: CwGame Component Mounted

[1A[2KBROWSER LOG: RENDER: CwGame Component Mounted

[1A[2KBROWSER LOG: RENDER: CwGame Component Mounted

[1A[2KBROWSER LOG: RENDER: CwGame Component Mounted

[1A[2KBROWSER LOG: RENDER: CwGame Component Mounted

[1A[2KBROWSER LOG: RENDER: CwGame Component Mounted

[1A[2KBROWSER LOG: RENDER: CwGame Component Mounted

[1A[2KBROWSER LOG: RENDER: CwGame Component Mounted

[1A[2KBROWSER LOG: RENDER: CwGame Component Mounted

[1A[2KBROWSER LOG: RENDER: CwGame Component Mounted

[1A[2KBROWSER LOG: RENDER: CwGame Component Mounted

[1A[2KBROWSER LOG: RENDER: CwGame Component Mounted

[1A[2KBROWSER LOG: RENDER: CwGame Component Mounted

[1A[2KBROWSER LOG: RENDER: CwGame Component Mounted

[1A[2KBROWSER LOG: RENDER: CwGame Component Mounted

[1A[2KBROWSER LOG: RENDER: CwGame Component Mounted

[1A[2KBROWSER LOG: RENDER: CwGame Component Mounted

[1A[2KBROWSER LOG: RENDER: CwGame Component Mounted

[1A[2KBROWSER LOG: RENDER: CwGame Component Mounted

[1A[2KBROWSER LOG: RENDER: CwGame Component Mounted

[1A[2KBROWSER LOG: RENDER: CwGame Component Mounted

[1A[2KBROWSER LOG: RENDER: CwGame Component Mounted

[1A[2KBROWSER LOG: RENDER: CwGame Component Mounted

[1A[2KBROWSER LOG: RENDER: CwGame Component Mounted

[1A[2KBROWSER LOG: RENDER: CwGame Component Mounted

[1A[2KBROWSER LOG: RENDER: CwGame Component Mounted

[1A[2KBROWSER LOG: RENDER: CwGame Component Mounted

[1A[2KBROWSER LOG: RENDER: CwGame Component Mounted

[1A[2KBROWSER LOG: RENDER: CwGame Component Mounted

[1A[2KBROWSER LOG: RENDER: CwGame Component Mounted

[1A[2KBROWSER LOG: RENDER: CwGame Component Mounted

[1A[2KBROWSER LOG: RENDER: CwGame Component Mounted

[1A[2KBROWSER LOG: RENDER: CwGame Component Mounted

[1A[2KBROWSER LOG: RENDER: CwGame Component Mounted

[1A[2KBROWSER LOG: RENDER: CwGame Component Mounted

[1A[2KBROWSER LOG: RENDER: CwGame Component Mounted

[1A[2KBROWSER LOG: RENDER: CwGame Component Mounted

[1A[2KBROWSER LOG: RENDER: CwGame Component Mounted

[1A[2KBROWSER LOG: RENDER: CwGame Component Mounted

[1A[2KBROWSER LOG: RENDER: CwGame Component Mounted

[1A[2KBROWSER LOG: RENDER: CwGame Component Mounted

[1A[2KBROWSER LOG: RENDER: CwGame Component Mounted

[1A[2KBROWSER LOG: RENDER: CwGame Component Mounted

[1A[2KBROWSER LOG: RENDER: CwGame Component Mounted

[1A[2KBROWSER LOG: RENDER: CwGame Component Mounted

[1A[2KBROWSER LOG: RENDER: CwGame Component Mounted

[1A[2KBROWSER LOG: RENDER: CwGame Component Mounted

[1A[2KBROWSER LOG: RENDER: CwGame Component Mounted

[1A[2KBROWSER LOG: RENDER: CwGame Component Mounted

[1A[2KBROWSER LOG: RENDER: CwGame Component Mounted

[1A[2KBROWSER LOG: RENDER: CwGame Component Mounted

[1A[2KBROWSER LOG: RENDER: CwGame Component Mounted

[1A[2KBROWSER LOG: RENDER: CwGame Component Mounted

[1A[2KBROWSER LOG: RENDER: CwGame Component Mounted

[1A[2KBROWSER LOG: RENDER: CwGame Component Mounted

[1A[2KBROWSER LOG: RENDER: CwGame Component Mounted

[1A[2KBROWSER LOG: RENDER: CwGame Component Mounted

[1A[2KBROWSER LOG: RENDER: CwGame Component Mounted

[1A[2KBROWSER LOG: RENDER: CwGame Component Mounted

[1A[2KBROWSER LOG: RENDER: CwGame Component Mounted

[1A[2KBROWSER LOG: RENDER: CwGame Component Mounted

[1A[2KBROWSER LOG: RENDER: CwGame Component Mounted

[1A[2KBROWSER LOG: RENDER: CwGame Component Mounted

[1A[2KBROWSER LOG: RENDER: CwGame Component Mounted

[1A[2KBROWSER LOG: RENDER: CwGame Component Mounted

[1A[2KBROWSER LOG: RENDER: CwGame Component Mounted

[1A[2KBROWSER LOG: RENDER: CwGame Component Mounted

[1A[2KBROWSER LOG: RENDER: CwGame Component Mounted

[1A[2KBROWSER LOG: RENDER: CwGame Component Mounted

[1A[2KBROWSER LOG: RENDER: CwGame Component Mounted

[1A[2KBROWSER LOG: RENDER: CwGame Component Mounted

[1A[2KBROWSER LOG: RENDER: CwGame Component Mounted

[1A[2KBROWSER LOG: RENDER: CwGame Component Mounted

[1A[2KBROWSER LOG: RENDER: CwGame Component Mounted

[1A[2KBROWSER LOG: RENDER: CwGame Component Mounted

[1A[2KBROWSER LOG: RENDER: CwGame Component Mounted

[1A[2KBROWSER LOG: RENDER: CwGame Component Mounted

[1A[2KBROWSER LOG: RENDER: CwGame Component Mounted

[1A[2KBROWSER LOG: RENDER: CwGame Component Mounted

[1A[2KBROWSER LOG: RENDER: CwGame Component Mounted

[1A[2KBROWSER LOG: RENDER: CwGame Component Mounted

[1A[2KBROWSER LOG: RENDER: CwGame Component Mounted

[1A[2KBROWSER LOG: RENDER: CwGame Component Mounted

[1A[2KBROWSER LOG: RENDER: CwGame Component Mounted

[1A[2KBROWSER LOG: RENDER: CwGame Component Mounted

[1A[2KBROWSER LOG: RENDER: CwGame Component Mounted

[1A[2KBROWSER LOG: RENDER: CwGame Component Mounted

[1A[2KBROWSER LOG: RENDER: CwGame Component Mounted

[1A[2KBROWSER LOG: RENDER: CwGame Component Mounted

[1A[2KBROWSER LOG: RENDER: CwGame Component Mounted

[1A[2KBROWSER LOG: RENDER: CwGame Component Mounted

[1A[2KBROWSER LOG: RENDER: CwGame Component Mounted

[1A[2KBROWSER LOG: RENDER: CwGame Component Mounted

[1A[2KBROWSER LOG: RENDER: CwGame Component Mounted

[1A[2KBROWSER LOG: RENDER: CwGame Component Mounted

[1A[2KBROWSER LOG: RENDER: CwGame Component Mounted

[1A[2KBROWSER LOG: RENDER: CwGame Component Mounted

[1A[2KBROWSER LOG: RENDER: CwGame Component Mounted

[1A[2KBROWSER LOG: RENDER: CwGame Component Mounted

[1A[2KBROWSER LOG: RENDER: CwGame Component Mounted

[1A[2KBROWSER LOG: RENDER: CwGame Component Mounted

[1A[2KBROWSER LOG: RENDER: CwGame Component Mounted

[1A[2KBROWSER LOG: RENDER: CwGame Component Mounted

[1A[2KBROWSER LOG: RENDER: CwGame Component Mounted

[1A[2KBROWSER LOG: RENDER: CwGame Component Mounted

[1A[2KBROWSER LOG: RENDER: CwGame Component Mounted

[1A[2KBROWSER LOG: RENDER: CwGame Component Mounted

[1A[2KBROWSER LOG: RENDER: CwGame Component Mounted

[1A[2KBROWSER LOG: RENDER: CwGame Component Mounted

[1A[2KBROWSER LOG: RENDER: CwGame Component Mounted

[1A[2KBROWSER LOG: RENDER: CwGame Component Mounted

[1A[2KBROWSER LOG: RENDER: CwGame Component Mounted

[1A[2KBROWSER LOG: RENDER: CwGame Component Mounted

[1A[2KBROWSER LOG: RENDER: CwGame Component Mounted

[1A[2KBROWSER LOG: RENDER: CwGame Component Mounted

[1A[2KBROWSER LOG: RENDER: CwGame Component Mounted

[1A[2KBROWSER LOG: RENDER: CwGame Component Mounted

[1A[2KBROWSER LOG: RENDER: CwGame Component Mounted

[1A[2KBROWSER LOG: RENDER: CwGame Component Mounted

[1A[2KBROWSER LOG: RENDER: CwGame Component Mounted

[1A[2KBROWSER LOG: RENDER: CwGame Component Mounted

[1A[2KBROWSER LOG: RENDER: CwGame Component Mounted

[1A[2KBROWSER LOG: RENDER: CwGame Component Mounted

[1A[2KBROWSER LOG: RENDER: CwGame Component Mounted

[1A[2KBROWSER LOG: RENDER: CwGame Component Mounted

[1A[2KBROWSER LOG: RENDER: CwGame Component Mounted

[1A[2KBROWSER LOG: RENDER: CwGame Component Mounted

[1A[2KBROWSER LOG: RENDER: CwGame Component Mounted

[1A[2KBROWSER LOG: RENDER: CwGame Component Mounted

[1A[2KBROWSER LOG: RENDER: CwGame Component Mounted

[1A[2KBROWSER LOG: RENDER: CwGame Component Mounted

[1A[2KBROWSER LOG: RENDER: CwGame Component Mounted

[1A[2KBROWSER LOG: RENDER: CwGame Component Mounted

[1A[2KBROWSER LOG: RENDER: CwGame Component Mounted

[1A[2KBROWSER LOG: RENDER: CwGame Component Mounted

[1A[2KBROWSER LOG: RENDER: CwGame Component Mounted

[1A[2KBROWSER LOG: RENDER: CwGame Component Mounted

[1A[2KBROWSER LOG: RENDER: CwGame Component Mounted

[1A[2KBROWSER LOG: RENDER: CwGame Component Mounted

[1A[2KBROWSER LOG: RENDER: CwGame Component Mounted

[1A[2KBROWSER LOG: RENDER: CwGame Component Mounted

[1A[2KBROWSER LOG: RENDER: CwGame Component Mounted

[1A[2KBROWSER LOG: RENDER: CwGame Component Mounted

[1A[2KBROWSER LOG: RENDER: CwGame Component Mounted

[1A[2KBROWSER LOG: RENDER: CwGame Component Mounted

[1A[2KBROWSER LOG: RENDER: CwGame Component Mounted

[1A[2KBROWSER LOG: RENDER: CwGame Component Mounted

[1A[2KBROWSER LOG: RENDER: CwGame Component Mounted

[1A[2KBROWSER LOG: RENDER: CwGame Component Mounted

[1A[2KBROWSER LOG: RENDER: CwGame Component Mounted

[1A[2KBROWSER LOG: RENDER: CwGame Component Mounted

[1A[2KBROWSER LOG: RENDER: CwGame Component Mounted

[1A[2KBROWSER LOG: RENDER: CwGame Component Mounted

[1A[2KBROWSER LOG: RENDER: CwGame Component Mounted

[1A[2KBROWSER LOG: RENDER: CwGame Component Mounted

[1A[2KBROWSER LOG: RENDER: CwGame Component Mounted

[1A[2KBROWSER LOG: RENDER: CwGame Component Mounted

[1A[2KBROWSER LOG: RENDER: CwGame Component Mounted

[1A[2KBROWSER LOG: RENDER: CwGame Component Mounted

[1A[2KBROWSER LOG: RENDER: CwGame Component Mounted

[1A[2KBROWSER LOG: RENDER: CwGame Component Mounted

[1A[2KBROWSER LOG: RENDER: CwGame Component Mounted

[1A[2KBROWSER LOG: DEBUG: wallHits detected: 1, newHits: 1

[1A[2KBROWSER LOG: DEBUG: Hit char 1770536570961-0.6413705878290151 at y=65.0553268504871

[1A[2KBROWSER LOG: RENDER: CwGame Component Mounted

[1A[2KBROWSER LOG: DEBUG: Updating health from 5 to 4

[1A[2KBROWSER LOG: DEBUG: Updating health from 5 to 4

[1A[2KBROWSER LOG: RENDER: CwGame Component Mounted

[1A[2KBROWSER LOG: RENDER: CwGame Component Mounted

[1A[2KBROWSER LOG: RENDER: CwGame Component Mounted

[1A[2KBROWSER LOG: RENDER: CwGame Component Mounted

[1A[2KBROWSER LOG: RENDER: CwGame Component Mounted

[1A[2KBROWSER LOG: RENDER: CwGame Component Mounted

[1A[2KBROWSER LOG: RENDER: CwGame Component Mounted

[1A[2KBROWSER LOG: RENDER: CwGame Component Mounted

[1A[2KBROWSER LOG: RENDER: CwGame Component Mounted

[1A[2KBROWSER LOG: RENDER: CwGame Component Mounted

[1A[2KBROWSER LOG: RENDER: CwGame Component Mounted

[1A[2KBROWSER LOG: RENDER: CwGame Component Mounted

[1A[2KBROWSER LOG: RENDER: CwGame Component Mounted

[1A[2KBROWSER LOG: RENDER: CwGame Component Mounted

[1A[2KBROWSER LOG: RENDER: CwGame Component Mounted

[1A[2KBROWSER LOG: RENDER: CwGame Component Mounted

[1A[2KBROWSER LOG: RENDER: CwGame Component Mounted

[1A[2KBROWSER LOG: RENDER: CwGame Component Mounted

[1A[2KBROWSER LOG: RENDER: CwGame Component Mounted

[1A[2KBROWSER LOG: RENDER: CwGame Component Mounted

[1A[2KBROWSER LOG: RENDER: CwGame Component Mounted

[1A[2KBROWSER LOG: RENDER: CwGame Component Mounted

[1A[2KBROWSER LOG: RENDER: CwGame Component Mounted

[1A[2KBROWSER LOG: RENDER: CwGame Component Mounted

[1A[2KBROWSER LOG: RENDER: CwGame Component Mounted

[1A[2KBROWSER LOG: RENDER: CwGame Component Mounted

[1A[2KBROWSER LOG: RENDER: CwGame Component Mounted

[1A[2KBROWSER LOG: RENDER: CwGame Component Mounted

[1A[2KBROWSER LOG: RENDER: CwGame Component Mounted

[1A[2KBROWSER LOG: RENDER: CwGame Component Mounted

[1A[2KBROWSER LOG: RENDER: CwGame Component Mounted

[1A[2KBROWSER LOG: RENDER: CwGame Component Mounted

[1A[2KBROWSER LOG: RENDER: CwGame Component Mounted

[1A[2KBROWSER LOG: RENDER: CwGame Component Mounted

[1A[2KBROWSER LOG: RENDER: CwGame Component Mounted

[1A[2KBROWSER LOG: RENDER: CwGame Component Mounted

[1A[2KBROWSER LOG: RENDER: CwGame Component Mounted

[1A[2KBROWSER LOG: RENDER: CwGame Component Mounted

[1A[2KBROWSER LOG: RENDER: CwGame Component Mounted

[1A[2KBROWSER LOG: RENDER: CwGame Component Mounted

[1A[2KBROWSER LOG: RENDER: CwGame Component Mounted

[1A[2KBROWSER LOG: RENDER: CwGame Component Mounted

[1A[2KBROWSER LOG: RENDER: CwGame Component Mounted

[1A[2KBROWSER LOG: RENDER: CwGame Component Mounted

[1A[2KBROWSER LOG: RENDER: CwGame Component Mounted

[1A[2KBROWSER LOG: RENDER: CwGame Component Mounted

[1A[2KBROWSER LOG: RENDER: CwGame Component Mounted

[1A[2KBROWSER LOG: RENDER: CwGame Component Mounted

[1A[2KBROWSER LOG: RENDER: CwGame Component Mounted

[1A[2KBROWSER LOG: RENDER: CwGame Component Mounted

[1A[2KBROWSER LOG: RENDER: CwGame Component Mounted

[1A[2KBROWSER LOG: RENDER: CwGame Component Mounted

[1A[2KBROWSER LOG: RENDER: CwGame Component Mounted

[1A[2KBROWSER LOG: RENDER: CwGame Component Mounted

[1A[2KBROWSER LOG: RENDER: CwGame Component Mounted

[1A[2KBROWSER LOG: RENDER: CwGame Component Mounted

[1A[2KBROWSER LOG: RENDER: CwGame Component Mounted

[1A[2KBROWSER LOG: RENDER: CwGame Component Mounted

[1A[2KBROWSER LOG: RENDER: CwGame Component Mounted

[1A[2KBROWSER LOG: RENDER: CwGame Component Mounted

[1A[2KBROWSER LOG: RENDER: CwGame Component Mounted

[1A[2KBROWSER LOG: RENDER: CwGame Component Mounted

[1A[2KBROWSER LOG: RENDER: CwGame Component Mounted

[1A[2KBROWSER LOG: RENDER: CwGame Component Mounted

[1A[2KBROWSER LOG: RENDER: CwGame Component Mounted

[1A[2KBROWSER LOG: RENDER: CwGame Component Mounted

[1A[2KBROWSER LOG: RENDER: CwGame Component Mounted

[1A[2KBROWSER LOG: RENDER: CwGame Component Mounted

[1A[2KBROWSER LOG: RENDER: CwGame Component Mounted

[1A[2KBROWSER LOG: RENDER: CwGame Component Mounted

[1A[2KBROWSER LOG: RENDER: CwGame Component Mounted

[1A[2KBROWSER LOG: RENDER: CwGame Component Mounted

[1A[2KBROWSER LOG: RENDER: CwGame Component Mounted

[1A[2KBROWSER LOG: RENDER: CwGame Component Mounted

[1A[2KBROWSER LOG: RENDER: CwGame Component Mounted

[1A[2KBROWSER LOG: RENDER: CwGame Component Mounted

[1A[2KBROWSER LOG: RENDER: CwGame Component Mounted

[1A[2KBROWSER LOG: RENDER: CwGame Component Mounted

[1A[2KBROWSER LOG: RENDER: CwGame Component Mounted

[1A[2KBROWSER LOG: RENDER: CwGame Component Mounted

[1A[2KBROWSER LOG: RENDER: CwGame Component Mounted

[1A[2KBROWSER LOG: RENDER: CwGame Component Mounted

[1A[2KBROWSER LOG: RENDER: CwGame Component Mounted

[1A[2KBROWSER LOG: RENDER: CwGame Component Mounted

[1A[2KBROWSER LOG: RENDER: CwGame Component Mounted

[1A[2KBROWSER LOG: RENDER: CwGame Component Mounted

[1A[2KBROWSER LOG: RENDER: CwGame Component Mounted

[1A[2KBROWSER LOG: RENDER: CwGame Component Mounted

[1A[2KBROWSER LOG: RENDER: CwGame Component Mounted

[1A[2KBROWSER LOG: RENDER: CwGame Component Mounted

[1A[2KBROWSER LOG: RENDER: CwGame Component Mounted

[1A[2KBROWSER LOG: RENDER: CwGame Component Mounted

[1A[2KBROWSER LOG: RENDER: CwGame Component Mounted

[1A[2KBROWSER LOG: RENDER: CwGame Component Mounted

[1A[2KBROWSER LOG: RENDER: CwGame Component Mounted

[1A[2KBROWSER LOG: RENDER: CwGame Component Mounted

[1A[2KBROWSER LOG: RENDER: CwGame Component Mounted

[1A[2KBROWSER LOG: RENDER: CwGame Component Mounted

[1A[2KBROWSER LOG: RENDER: CwGame Component Mounted

[1A[2KBROWSER LOG: RENDER: CwGame Component Mounted

[1A[2KBROWSER LOG: RENDER: CwGame Component Mounted

[1A[2KBROWSER LOG: RENDER: CwGame Component Mounted

[1A[2KBROWSER LOG: RENDER: CwGame Component Mounted

[1A[2KBROWSER LOG: RENDER: CwGame Component Mounted

[1A[2KBROWSER LOG: RENDER: CwGame Component Mounted

[1A[2KBROWSER LOG: RENDER: CwGame Component Mounted

[1A[2KBROWSER LOG: RENDER: CwGame Component Mounted

[1A[2KBROWSER LOG: RENDER: CwGame Component Mounted

[1A[2KBROWSER LOG: RENDER: CwGame Component Mounted

[1A[2KBROWSER LOG: RENDER: CwGame Component Mounted

[1A[2KBROWSER LOG: RENDER: CwGame Component Mounted

[1A[2KBROWSER LOG: RENDER: CwGame Component Mounted

[1A[2KBROWSER LOG: RENDER: CwGame Component Mounted

[1A[2KBROWSER LOG: RENDER: CwGame Component Mounted

[1A[2KBROWSER LOG: RENDER: CwGame Component Mounted

[1A[2KBROWSER LOG: RENDER: CwGame Component Mounted

[1A[2KBROWSER LOG: RENDER: CwGame Component Mounted

[1A[2KBROWSER LOG: RENDER: CwGame Component Mounted

[1A[2KBROWSER LOG: RENDER: CwGame Component Mounted

[1A[2KBROWSER LOG: RENDER: CwGame Component Mounted

[1A[2KBROWSER LOG: RENDER: CwGame Component Mounted

[1A[2KBROWSER LOG: RENDER: CwGame Component Mounted

[1A[2KBROWSER LOG: RENDER: CwGame Component Mounted

[1A[2KBROWSER LOG: RENDER: CwGame Component Mounted

[1A[2KBROWSER LOG: RENDER: CwGame Component Mounted

[1A[2KBROWSER LOG: RENDER: CwGame Component Mounted

[1A[2KBROWSER LOG: RENDER: CwGame Component Mounted

[1A[2KBROWSER LOG: RENDER: CwGame Component Mounted

[1A[2KBROWSER LOG: RENDER: CwGame Component Mounted

[1A[2KBROWSER LOG: RENDER: CwGame Component Mounted

[1A[2KBROWSER LOG: RENDER: CwGame Component Mounted

[1A[2KBROWSER LOG: RENDER: CwGame Component Mounted

[1A[2KBROWSER LOG: RENDER: CwGame Component Mounted

[1A[2KBROWSER LOG: RENDER: CwGame Component Mounted

[1A[2KBROWSER LOG: RENDER: CwGame Component Mounted

[1A[2KBROWSER LOG: RENDER: CwGame Component Mounted

[1A[2KBROWSER LOG: RENDER: CwGame Component Mounted

[1A[2KBROWSER LOG: RENDER: CwGame Component Mounted

[1A[2KBROWSER LOG: RENDER: CwGame Component Mounted

[1A[2KBROWSER LOG: RENDER: CwGame Component Mounted

[1A[2KBROWSER LOG: RENDER: CwGame Component Mounted

[1A[2KBROWSER LOG: RENDER: CwGame Component Mounted

[1A[2KBROWSER LOG: RENDER: CwGame Component Mounted

[1A[2KBROWSER LOG: RENDER: CwGame Component Mounted

[1A[2KBROWSER LOG: RENDER: CwGame Component Mounted

[1A[2KBROWSER LOG: RENDER: CwGame Component Mounted

[1A[2KBROWSER LOG: RENDER: CwGame Component Mounted

[1A[2KBROWSER LOG: RENDER: CwGame Component Mounted

[1A[2KBROWSER LOG: RENDER: CwGame Component Mounted

[1A[2KBROWSER LOG: RENDER: CwGame Component Mounted

[1A[2KBROWSER LOG: RENDER: CwGame Component Mounted

[1A[2KBROWSER LOG: RENDER: CwGame Component Mounted

[1A[2KBROWSER LOG: RENDER: CwGame Component Mounted

[1A[2KBROWSER LOG: RENDER: CwGame Component Mounted

[1A[2KBROWSER LOG: RENDER: CwGame Component Mounted

[1A[2KBROWSER LOG: RENDER: CwGame Component Mounted

[1A[2KBROWSER LOG: RENDER: CwGame Component Mounted

[1A[2KBROWSER LOG: RENDER: CwGame Component Mounted

[1A[2KBROWSER LOG: RENDER: CwGame Component Mounted

[1A[2KBROWSER LOG: RENDER: CwGame Component Mounted

[1A[2KBROWSER LOG: RENDER: CwGame Component Mounted

[1A[2KBROWSER LOG: RENDER: CwGame Component Mounted

[1A[2KBROWSER LOG: RENDER: CwGame Component Mounted

[1A[2KBROWSER LOG: RENDER: CwGame Component Mounted

[1A[2KBROWSER LOG: RENDER: CwGame Component Mounted

[1A[2KBROWSER LOG: RENDER: CwGame Component Mounted

[1A[2KBROWSER LOG: RENDER: CwGame Component Mounted

[1A[2KBROWSER LOG: RENDER: CwGame Component Mounted

[1A[2KBROWSER LOG: RENDER: CwGame Component Mounted

[1A[2KBROWSER LOG: RENDER: CwGame Component Mounted

[1A[2KBROWSER LOG: RENDER: CwGame Component Mounted

[1A[2KBROWSER LOG: RENDER: CwGame Component Mounted

[1A[2KBROWSER LOG: RENDER: CwGame Component Mounted

[1A[2KBROWSER LOG: RENDER: CwGame Component Mounted

[1A[2KBROWSER LOG: RENDER: CwGame Component Mounted

[1A[2KBROWSER LOG: RENDER: CwGame Component Mounted

[1A[2KBROWSER LOG: RENDER: CwGame Component Mounted

[1A[2KBROWSER LOG: RENDER: CwGame Component Mounted

[1A[2KBROWSER LOG: RENDER: CwGame Component Mounted

[1A[2KBROWSER LOG: RENDER: CwGame Component Mounted

[1A[2KBROWSER LOG: RENDER: CwGame Component Mounted

[1A[2KBROWSER LOG: RENDER: CwGame Component Mounted

[1A[2KBROWSER LOG: RENDER: CwGame Component Mounted

[1A[2KBROWSER LOG: RENDER: CwGame Component Mounted

[1A[2KBROWSER LOG: RENDER: CwGame Component Mounted

[1A[2KBROWSER LOG: RENDER: CwGame Component Mounted

[1A[2KBROWSER LOG: RENDER: CwGame Component Mounted

[1A[2KBROWSER LOG: SPAWN: V at x=6.748271396151263, speed=0.3

[1A[2KBROWSER LOG: RENDER: CwGame Component Mounted

[1A[2KBROWSER LOG: RENDER: CwGame Component Mounted

[1A[2KBROWSER LOG: RENDER: CwGame Component Mounted

[1A[2KBROWSER LOG: RENDER: CwGame Component Mounted

[1A[2KBROWSER LOG: RENDER: CwGame Component Mounted

[1A[2KBROWSER LOG: RENDER: CwGame Component Mounted

[1A[2KBROWSER LOG: RENDER: CwGame Component Mounted

[1A[2KBROWSER LOG: RENDER: CwGame Component Mounted

[1A[2KBROWSER LOG: RENDER: CwGame Component Mounted

[1A[2KBROWSER LOG: RENDER: CwGame Component Mounted

[1A[2KBROWSER LOG: RENDER: CwGame Component Mounted

[1A[2KBROWSER LOG: RENDER: CwGame Component Mounted

[1A[2KBROWSER LOG: RENDER: CwGame Component Mounted

[1A[2KBROWSER LOG: RENDER: CwGame Component Mounted

[1A[2KBROWSER LOG: RENDER: CwGame Component Mounted

[1A[2KBROWSER LOG: RENDER: CwGame Component Mounted

[1A[2KBROWSER LOG: RENDER: CwGame Component Mounted

[1A[2KBROWSER LOG: RENDER: CwGame Component Mounted

[1A[2KBROWSER LOG: RENDER: CwGame Component Mounted

[1A[2KBROWSER LOG: RENDER: CwGame Component Mounted

[1A[2KBROWSER LOG: RENDER: CwGame Component Mounted

[1A[2KBROWSER LOG: RENDER: CwGame Component Mounted

[1A[2KBROWSER LOG: RENDER: CwGame Component Mounted

[1A[2KBROWSER LOG: RENDER: CwGame Component Mounted

[1A[2KBROWSER LOG: RENDER: CwGame Component Mounted

[1A[2KBROWSER LOG: RENDER: CwGame Component Mounted

[1A[2KBROWSER LOG: RENDER: CwGame Component Mounted

[1A[2KBROWSER LOG: RENDER: CwGame Component Mounted

[1A[2KBROWSER LOG: RENDER: CwGame Component Mounted

[1A[2KBROWSER LOG: RENDER: CwGame Component Mounted

[1A[2KBROWSER LOG: RENDER: CwGame Component Mounted

[1A[2KBROWSER LOG: RENDER: CwGame Component Mounted

[1A[2KBROWSER LOG: RENDER: CwGame Component Mounted

[1A[2KBROWSER LOG: RENDER: CwGame Component Mounted

[1A[2KBROWSER LOG: RENDER: CwGame Component Mounted

[1A[2KBROWSER LOG: RENDER: CwGame Component Mounted

[1A[2KBROWSER LOG: RENDER: CwGame Component Mounted

[1A[2KBROWSER LOG: RENDER: CwGame Component Mounted

[1A[2KBROWSER LOG: RENDER: CwGame Component Mounted

[1A[2KBROWSER LOG: RENDER: CwGame Component Mounted

[1A[2KBROWSER LOG: RENDER: CwGame Component Mounted

[1A[2KBROWSER LOG: RENDER: CwGame Component Mounted

[1A[2KBROWSER LOG: RENDER: CwGame Component Mounted

[1A[2KBROWSER LOG: RENDER: CwGame Component Mounted

[1A[2KBROWSER LOG: RENDER: CwGame Component Mounted

[1A[2KBROWSER LOG: RENDER: CwGame Component Mounted

[1A[2KBROWSER LOG: RENDER: CwGame Component Mounted

[1A[2KBROWSER LOG: RENDER: CwGame Component Mounted

[1A[2KBROWSER LOG: RENDER: CwGame Component Mounted

[1A[2KBROWSER LOG: RENDER: CwGame Component Mounted

[1A[2KBROWSER LOG: RENDER: CwGame Component Mounted

[1A[2KBROWSER LOG: RENDER: CwGame Component Mounted

[1A[2KBROWSER LOG: RENDER: CwGame Component Mounted

[1A[2KBROWSER LOG: RENDER: CwGame Component Mounted

[1A[2KBROWSER LOG: RENDER: CwGame Component Mounted

[1A[2KBROWSER LOG: RENDER: CwGame Component Mounted

[1A[2KBROWSER LOG: RENDER: CwGame Component Mounted

[1A[2KBROWSER LOG: RENDER: CwGame Component Mounted

[1A[2KBROWSER LOG: RENDER: CwGame Component Mounted

[1A[2KBROWSER LOG: RENDER: CwGame Component Mounted

[1A[2KBROWSER LOG: RENDER: CwGame Component Mounted

[1A[2KBROWSER LOG: RENDER: CwGame Component Mounted

[1A[2KBROWSER LOG: RENDER: CwGame Component Mounted

[1A[2KBROWSER LOG: RENDER: CwGame Component Mounted

[1A[2KBROWSER LOG: RENDER: CwGame Component Mounted

[1A[2KBROWSER LOG: RENDER: CwGame Component Mounted

[1A[2KBROWSER LOG: RENDER: CwGame Component Mounted

[1A[2KBROWSER LOG: RENDER: CwGame Component Mounted

[1A[2KBROWSER LOG: RENDER: CwGame Component Mounted

[1A[2KBROWSER LOG: RENDER: CwGame Component Mounted

[1A[2KBROWSER LOG: RENDER: CwGame Component Mounted

[1A[2KBROWSER LOG: RENDER: CwGame Component Mounted

[1A[2KBROWSER LOG: RENDER: CwGame Component Mounted

[1A[2KBROWSER LOG: RENDER: CwGame Component Mounted

[1A[2KBROWSER LOG: RENDER: CwGame Component Mounted

[1A[2KBROWSER LOG: RENDER: CwGame Component Mounted

[1A[2KBROWSER LOG: RENDER: CwGame Component Mounted

[1A[2KBROWSER LOG: RENDER: CwGame Component Mounted

[1A[2KBROWSER LOG: RENDER: CwGame Component Mounted

[1A[2KBROWSER LOG: RENDER: CwGame Component Mounted

[1A[2KBROWSER LOG: RENDER: CwGame Component Mounted

[1A[2KBROWSER LOG: RENDER: CwGame Component Mounted

[1A[2KBROWSER LOG: RENDER: CwGame Component Mounted

[1A[2KBROWSER LOG: RENDER: CwGame Component Mounted

[1A[2KBROWSER LOG: RENDER: CwGame Component Mounted

[1A[2KBROWSER LOG: RENDER: CwGame Component Mounted

[1A[2KBROWSER LOG: RENDER: CwGame Component Mounted

[1A[2KBROWSER LOG: RENDER: CwGame Component Mounted

[1A[2KBROWSER LOG: RENDER: CwGame Component Mounted

[1A[2KBROWSER LOG: RENDER: CwGame Component Mounted

[1A[2KBROWSER LOG: RENDER: CwGame Component Mounted

[1A[2KBROWSER LOG: RENDER: CwGame Component Mounted

[1A[2KBROWSER LOG: RENDER: CwGame Component Mounted

[1A[2KBROWSER LOG: RENDER: CwGame Component Mounted

[1A[2KBROWSER LOG: RENDER: CwGame Component Mounted

[1A[2KBROWSER LOG: RENDER: CwGame Component Mounted

[1A[2KBROWSER LOG: RENDER: CwGame Component Mounted

[1A[2KBROWSER LOG: RENDER: CwGame Component Mounted

[1A[2KBROWSER LOG: RENDER: CwGame Component Mounted

[1A[2KBROWSER LOG: RENDER: CwGame Component Mounted

[1A[2KBROWSER LOG: RENDER: CwGame Component Mounted

[1A[2KBROWSER LOG: RENDER: CwGame Component Mounted

[1A[2KBROWSER LOG: RENDER: CwGame Component Mounted

[1A[2KBROWSER LOG: RENDER: CwGame Component Mounted

[1A[2KBROWSER LOG: RENDER: CwGame Component Mounted

[1A[2KBROWSER LOG: RENDER: CwGame Component Mounted

[1A[2KBROWSER LOG: RENDER: CwGame Component Mounted

[1A[2KBROWSER LOG: RENDER: CwGame Component Mounted

[1A[2KBROWSER LOG: RENDER: CwGame Component Mounted

[1A[2KBROWSER LOG: RENDER: CwGame Component Mounted

[1A[2KBROWSER LOG: RENDER: CwGame Component Mounted

[1A[2KBROWSER LOG: RENDER: CwGame Component Mounted

[1A[2KBROWSER LOG: RENDER: CwGame Component Mounted

[1A[2KBROWSER LOG: RENDER: CwGame Component Mounted

[1A[2KBROWSER LOG: RENDER: CwGame Component Mounted

[1A[2KBROWSER LOG: RENDER: CwGame Component Mounted

[1A[2KBROWSER LOG: RENDER: CwGame Component Mounted

[1A[2KBROWSER LOG: RENDER: CwGame Component Mounted

[1A[2KBROWSER LOG: RENDER: CwGame Component Mounted

[1A[2KBROWSER LOG: RENDER: CwGame Component Mounted

[1A[2KBROWSER LOG: RENDER: CwGame Component Mounted

[1A[2KBROWSER LOG: RENDER: CwGame Component Mounted

[1A[2KBROWSER LOG: RENDER: CwGame Component Mounted

[1A[2KBROWSER LOG: RENDER: CwGame Component Mounted

[1A[2KBROWSER LOG: RENDER: CwGame Component Mounted

[1A[2KBROWSER LOG: RENDER: CwGame Component Mounted

[1A[2KBROWSER LOG: RENDER: CwGame Component Mounted

[1A[2KBROWSER LOG: RENDER: CwGame Component Mounted

[1A[2KBROWSER LOG: RENDER: CwGame Component Mounted

[1A[2KBROWSER LOG: RENDER: CwGame Component Mounted

[1A[2KBROWSER LOG: RENDER: CwGame Component Mounted

[1A[2KBROWSER LOG: RENDER: CwGame Component Mounted

[1A[2KBROWSER LOG: RENDER: CwGame Component Mounted

[1A[2KBROWSER LOG: RENDER: CwGame Component Mounted

[1A[2KBROWSER LOG: RENDER: CwGame Component Mounted

[1A[2KBROWSER LOG: RENDER: CwGame Component Mounted

[1A[2KBROWSER LOG: RENDER: CwGame Component Mounted

[1A[2KBROWSER LOG: RENDER: CwGame Component Mounted

[1A[2KBROWSER LOG: RENDER: CwGame Component Mounted

[1A[2KBROWSER LOG: RENDER: CwGame Component Mounted

[1A[2KBROWSER LOG: RENDER: CwGame Component Mounted

[1A[2KBROWSER LOG: RENDER: CwGame Component Mounted

[1A[2KBROWSER LOG: RENDER: CwGame Component Mounted

[1A[2KBROWSER LOG: RENDER: CwGame Component Mounted

[1A[2KBROWSER LOG: RENDER: CwGame Component Mounted

[1A[2KBROWSER LOG: RENDER: CwGame Component Mounted

[1A[2KBROWSER LOG: RENDER: CwGame Component Mounted

[1A[2KBROWSER LOG: RENDER: CwGame Component Mounted

[1A[2KBROWSER LOG: RENDER: CwGame Component Mounted

[1A[2KBROWSER LOG: RENDER: CwGame Component Mounted

[1A[2KBROWSER LOG: RENDER: CwGame Component Mounted

[1A[2KBROWSER LOG: RENDER: CwGame Component Mounted

[1A[2KBROWSER LOG: RENDER: CwGame Component Mounted

[1A[2KBROWSER LOG: RENDER: CwGame Component Mounted

[1A[2KBROWSER LOG: RENDER: CwGame Component Mounted

[1A[2KBROWSER LOG: RENDER: CwGame Component Mounted

[1A[2KBROWSER LOG: RENDER: CwGame Component Mounted

[1A[2KBROWSER LOG: RENDER: CwGame Component Mounted

[1A[2KBROWSER LOG: RENDER: CwGame Component Mounted

[1A[2KBROWSER LOG: RENDER: CwGame Component Mounted

[1A[2KBROWSER LOG: RENDER: CwGame Component Mounted

[1A[2KBROWSER LOG: RENDER: CwGame Component Mounted

[1A[2KBROWSER LOG: RENDER: CwGame Component Mounted

[1A[2KBROWSER LOG: RENDER: CwGame Component Mounted

[1A[2KBROWSER LOG: RENDER: CwGame Component Mounted

[1A[2KBROWSER LOG: RENDER: CwGame Component Mounted

[1A[2KBROWSER LOG: RENDER: CwGame Component Mounted

[1A[2KBROWSER LOG: RENDER: CwGame Component Mounted

[1A[2KBROWSER LOG: RENDER: CwGame Component Mounted

[1A[2KBROWSER LOG: RENDER: CwGame Component Mounted

[1A[2KBROWSER LOG: RENDER: CwGame Component Mounted

[1A[2KBROWSER LOG: RENDER: CwGame Component Mounted

[1A[2KBROWSER LOG: RENDER: CwGame Component Mounted

[1A[2KBROWSER LOG: RENDER: CwGame Component Mounted

[1A[2KBROWSER LOG: RENDER: CwGame Component Mounted

[1A[2KBROWSER LOG: RENDER: CwGame Component Mounted

[1A[2KBROWSER LOG: RENDER: CwGame Component Mounted

[1A[2KBROWSER LOG: RENDER: CwGame Component Mounted

[1A[2KBROWSER LOG: RENDER: CwGame Component Mounted

[1A[2KBROWSER LOG: RENDER: CwGame Component Mounted

[1A[2KBROWSER LOG: RENDER: CwGame Component Mounted

[1A[2KBROWSER LOG: RENDER: CwGame Component Mounted

[1A[2KBROWSER LOG: RENDER: CwGame Component Mounted

[1A[2KBROWSER LOG: RENDER: CwGame Component Mounted

[1A[2KBROWSER LOG: RENDER: CwGame Component Mounted

[1A[2KBROWSER LOG: RENDER: CwGame Component Mounted

[1A[2KBROWSER LOG: RENDER: CwGame Component Mounted

[1A[2KBROWSER LOG: RENDER: CwGame Component Mounted

[1A[2KBROWSER LOG: RENDER: CwGame Component Mounted

[1A[2KBROWSER LOG: RENDER: CwGame Component Mounted

[1A[2KBROWSER LOG: RENDER: CwGame Component Mounted

[1A[2KBROWSER LOG: RENDER: CwGame Component Mounted

[1A[2KBROWSER LOG: RENDER: CwGame Component Mounted

[1A[2KBROWSER LOG: RENDER: CwGame Component Mounted

[1A[2KBROWSER LOG: RENDER: CwGame Component Mounted

[1A[2KBROWSER LOG: RENDER: CwGame Component Mounted

[1A[2KBROWSER LOG: RENDER: CwGame Component Mounted

[1A[2KBROWSER LOG: RENDER: CwGame Component Mounted

[1A[2KBROWSER LOG: RENDER: CwGame Component Mounted

[1A[2KBROWSER LOG: RENDER: CwGame Component Mounted

[1A[2KBROWSER LOG: RENDER: CwGame Component Mounted

[1A[2KBROWSER LOG: RENDER: CwGame Component Mounted

[1A[2KBROWSER LOG: RENDER: CwGame Component Mounted

[1A[2KBROWSER LOG: RENDER: CwGame Component Mounted

[1A[2KBROWSER LOG: RENDER: CwGame Component Mounted

[1A[2KBROWSER LOG: RENDER: CwGame Component Mounted

[1A[2KBROWSER LOG: RENDER: CwGame Component Mounted

[1A[2KBROWSER LOG: RENDER: CwGame Component Mounted

[1A[2KBROWSER LOG: RENDER: CwGame Component Mounted

[1A[2KBROWSER LOG: RENDER: CwGame Component Mounted

[1A[2KBROWSER LOG: RENDER: CwGame Component Mounted

[1A[2KBROWSER LOG: RENDER: CwGame Component Mounted

[1A[2KBROWSER LOG: RENDER: CwGame Component Mounted

[1A[2KBROWSER LOG: RENDER: CwGame Component Mounted

[1A[2KBROWSER LOG: RENDER: CwGame Component Mounted

[1A[2KBROWSER LOG: RENDER: CwGame Component Mounted

[1A[2KBROWSER LOG: RENDER: CwGame Component Mounted

[1A[2KBROWSER LOG: RENDER: CwGame Component Mounted

[1A[2KBROWSER LOG: RENDER: CwGame Component Mounted

[1A[2KBROWSER LOG: RENDER: CwGame Component Mounted

[1A[2KBROWSER LOG: RENDER: CwGame Component Mounted

[1A[2KBROWSER LOG: RENDER: CwGame Component Mounted

[1A[2KBROWSER LOG: RENDER: CwGame Component Mounted

[1A[2KBROWSER LOG: RENDER: CwGame Component Mounted

[1A[2KBROWSER LOG: RENDER: CwGame Component Mounted

[1A[2KBROWSER LOG: RENDER: CwGame Component Mounted

[1A[2KBROWSER LOG: RENDER: CwGame Component Mounted

[1A[2KBROWSER LOG: RENDER: CwGame Component Mounted

[1A[2KBROWSER LOG: RENDER: CwGame Component Mounted

[1A[2KBROWSER LOG: RENDER: CwGame Component Mounted

[1A[2KBROWSER LOG: RENDER: CwGame Component Mounted

[1A[2KBROWSER LOG: RENDER: CwGame Component Mounted

[1A[2KBROWSER LOG: RENDER: CwGame Component Mounted

[1A[2KBROWSER LOG: RENDER: CwGame Component Mounted

[1A[2KBROWSER LOG: RENDER: CwGame Component Mounted

[1A[2KBROWSER LOG: RENDER: CwGame Component Mounted

[1A[2KBROWSER LOG: RENDER: CwGame Component Mounted

[1A[2KBROWSER LOG: RENDER: CwGame Component Mounted

[1A[2KBROWSER LOG: RENDER: CwGame Component Mounted

[1A[2KBROWSER LOG: RENDER: CwGame Component Mounted

[1A[2KBROWSER LOG: RENDER: CwGame Component Mounted

[1A[2KBROWSER LOG: RENDER: CwGame Component Mounted

[1A[2KBROWSER LOG: RENDER: CwGame Component Mounted

[1A[2KBROWSER LOG: RENDER: CwGame Component Mounted

[1A[2KBROWSER LOG: RENDER: CwGame Component Mounted

[1A[2KBROWSER LOG: RENDER: CwGame Component Mounted

[1A[2KBROWSER LOG: RENDER: CwGame Component Mounted

[1A[2KBROWSER LOG: RENDER: CwGame Component Mounted

[1A[2KBROWSER LOG: RENDER: CwGame Component Mounted

[1A[2KBROWSER LOG: RENDER: CwGame Component Mounted

[1A[2KBROWSER LOG: RENDER: CwGame Component Mounted

[1A[2KBROWSER LOG: RENDER: CwGame Component Mounted

[1A[2KBROWSER LOG: RENDER: CwGame Component Mounted

[1A[2KBROWSER LOG: RENDER: CwGame Component Mounted

[1A[2KBROWSER LOG: RENDER: CwGame Component Mounted

[1A[2KBROWSER LOG: RENDER: CwGame Component Mounted

[1A[2KBROWSER LOG: RENDER: CwGame Component Mounted

[1A[2KBROWSER LOG: RENDER: CwGame Component Mounted

[1A[2KBROWSER LOG: RENDER: CwGame Component Mounted

[1A[2KBROWSER LOG: RENDER: CwGame Component Mounted

[1A[2KBROWSER LOG: RENDER: CwGame Component Mounted

[1A[2KBROWSER LOG: RENDER: CwGame Component Mounted

[1A[2KBROWSER LOG: RENDER: CwGame Component Mounted

[1A[2KBROWSER LOG: RENDER: CwGame Component Mounted

[1A[2KBROWSER LOG: RENDER: CwGame Component Mounted

[1A[2KBROWSER LOG: RENDER: CwGame Component Mounted

[1A[2KBROWSER LOG: RENDER: CwGame Component Mounted

[1A[2KBROWSER LOG: RENDER: CwGame Component Mounted

[1A[2KBROWSER LOG: RENDER: CwGame Component Mounted

[1A[2KBROWSER LOG: RENDER: CwGame Component Mounted

[1A[2KBROWSER LOG: RENDER: CwGame Component Mounted

[1A[2KBROWSER LOG: RENDER: CwGame Component Mounted

[1A[2KBROWSER LOG: RENDER: CwGame Component Mounted

[1A[2KBROWSER LOG: RENDER: CwGame Component Mounted

[1A[2KBROWSER LOG: RENDER: CwGame Component Mounted

[1A[2KBROWSER LOG: RENDER: CwGame Component Mounted

[1A[2KBROWSER LOG: RENDER: CwGame Component Mounted

[1A[2KBROWSER LOG: RENDER: CwGame Component Mounted

[1A[2KBROWSER LOG: RENDER: CwGame Component Mounted

[1A[2KBROWSER LOG: RENDER: CwGame Component Mounted

[1A[2KBROWSER LOG: RENDER: CwGame Component Mounted

[1A[2KBROWSER LOG: RENDER: CwGame Component Mounted

[1A[2KBROWSER LOG: RENDER: CwGame Component Mounted

[1A[2KBROWSER LOG: RENDER: CwGame Component Mounted

[1A[2KBROWSER LOG: RENDER: CwGame Component Mounted

[1A[2KBROWSER LOG: RENDER: CwGame Component Mounted

[1A[2KBROWSER LOG: RENDER: CwGame Component Mounted

[1A[2KBROWSER LOG: RENDER: CwGame Component Mounted

[1A[2KBROWSER LOG: RENDER: CwGame Component Mounted

[1A[2KBROWSER LOG: RENDER: CwGame Component Mounted

[1A[2KBROWSER LOG: RENDER: CwGame Component Mounted

[1A[2KBROWSER LOG: RENDER: CwGame Component Mounted

[1A[2KBROWSER LOG: RENDER: CwGame Component Mounted

[1A[2KBROWSER LOG: RENDER: CwGame Component Mounted

[1A[2KBROWSER LOG: RENDER: CwGame Component Mounted

[1A[2KBROWSER LOG: RENDER: CwGame Component Mounted

[1A[2KBROWSER LOG: RENDER: CwGame Component Mounted

[1A[2KBROWSER LOG: RENDER: CwGame Component Mounted

[1A[2KBROWSER LOG: RENDER: CwGame Component Mounted

[1A[2KBROWSER LOG: RENDER: CwGame Component Mounted

[1A[2KBROWSER LOG: RENDER: CwGame Component Mounted

[1A[2KBROWSER LOG: RENDER: CwGame Component Mounted

[1A[2KBROWSER LOG: RENDER: CwGame Component Mounted

[1A[2KBROWSER LOG: RENDER: CwGame Component Mounted

[1A[2KBROWSER LOG: RENDER: CwGame Component Mounted

[1A[2KBROWSER LOG: RENDER: CwGame Component Mounted

[1A[2KBROWSER LOG: RENDER: CwGame Component Mounted

[1A[2KBROWSER LOG: RENDER: CwGame Component Mounted

[1A[2KBROWSER LOG: RENDER: CwGame Component Mounted

[1A[2KBROWSER LOG: RENDER: CwGame Component Mounted

[1A[2KBROWSER LOG: RENDER: CwGame Component Mounted

[1A[2KBROWSER LOG: RENDER: CwGame Component Mounted

[1A[2KBROWSER LOG: RENDER: CwGame Component Mounted

[1A[2KBROWSER LOG: RENDER: CwGame Component Mounted

[1A[2KBROWSER LOG: RENDER: CwGame Component Mounted

[1A[2KBROWSER LOG: RENDER: CwGame Component Mounted

[1A[2KBROWSER LOG: RENDER: CwGame Component Mounted

[1A[2KBROWSER LOG: RENDER: CwGame Component Mounted

[1A[2KBROWSER LOG: RENDER: CwGame Component Mounted

[1A[2KBROWSER LOG: RENDER: CwGame Component Mounted

[1A[2KBROWSER LOG: RENDER: CwGame Component Mounted

[1A[2KBROWSER LOG: RENDER: CwGame Component Mounted

[1A[2KBROWSER LOG: RENDER: CwGame Component Mounted

[1A[2KBROWSER LOG: RENDER: CwGame Component Mounted

[1A[2KBROWSER LOG: RENDER: CwGame Component Mounted

[1A[2KBROWSER LOG: RENDER: CwGame Component Mounted

[1A[2KBROWSER LOG: RENDER: CwGame Component Mounted

[1A[2KBROWSER LOG: RENDER: CwGame Component Mounted

[1A[2KBROWSER LOG: RENDER: CwGame Component Mounted

[1A[2KBROWSER LOG: RENDER: CwGame Component Mounted

[1A[2KBROWSER LOG: RENDER: CwGame Component Mounted

[1A[2KBROWSER LOG: RENDER: CwGame Component Mounted

[1A[2KBROWSER LOG: RENDER: CwGame Component Mounted

[1A[2KBROWSER LOG: RENDER: CwGame Component Mounted

[1A[2KBROWSER LOG: RENDER: CwGame Component Mounted

[1A[2KBROWSER LOG: RENDER: CwGame Component Mounted

[1A[2KBROWSER LOG: RENDER: CwGame Component Mounted

[1A[2KBROWSER LOG: RENDER: CwGame Component Mounted

[1A[2KBROWSER LOG: RENDER: CwGame Component Mounted

[1A[2KBROWSER LOG: RENDER: CwGame Component Mounted

[1A[2KBROWSER LOG: RENDER: CwGame Component Mounted

[1A[2KBROWSER LOG: RENDER: CwGame Component Mounted

[1A[2KBROWSER LOG: RENDER: CwGame Component Mounted

[1A[2KBROWSER LOG: RENDER: CwGame Component Mounted

[1A[2KBROWSER LOG: RENDER: CwGame Component Mounted

[1A[2KBROWSER LOG: RENDER: CwGame Component Mounted

[1A[2KBROWSER LOG: RENDER: CwGame Component Mounted

[1A[2KBROWSER LOG: RENDER: CwGame Component Mounted

[1A[2KBROWSER LOG: RENDER: CwGame Component Mounted

[1A[2KBROWSER LOG: RENDER: CwGame Component Mounted

[1A[2KBROWSER LOG: RENDER: CwGame Component Mounted

[1A[2KBROWSER LOG: RENDER: CwGame Component Mounted

[1A[2KBROWSER LOG: RENDER: CwGame Component Mounted

[1A[2KBROWSER LOG: RENDER: CwGame Component Mounted

[1A[2KBROWSER LOG: RENDER: CwGame Component Mounted

[1A[2KBROWSER LOG: RENDER: CwGame Component Mounted

[1A[2KBROWSER LOG: RENDER: CwGame Component Mounted

[1A[2KBROWSER LOG: RENDER: CwGame Component Mounted

[1A[2KBROWSER LOG: RENDER: CwGame Component Mounted

[1A[2KBROWSER LOG: RENDER: CwGame Component Mounted

[1A[2KBROWSER LOG: RENDER: CwGame Component Mounted

[1A[2KBROWSER LOG: RENDER: CwGame Component Mounted

[1A[2KBROWSER LOG: RENDER: CwGame Component Mounted

[1A[2KBROWSER LOG: RENDER: CwGame Component Mounted

[1A[2KBROWSER LOG: RENDER: CwGame Component Mounted

[1A[2KBROWSER LOG: RENDER: CwGame Component Mounted

[1A[2KBROWSER LOG: RENDER: CwGame Component Mounted

[1A[2KBROWSER LOG: RENDER: CwGame Component Mounted

[1A[2KBROWSER LOG: RENDER: CwGame Component Mounted

[1A[2KBROWSER LOG: RENDER: CwGame Component Mounted

[1A[2KBROWSER LOG: RENDER: CwGame Component Mounted

[1A[2KBROWSER LOG: RENDER: CwGame Component Mounted

[1A[2KBROWSER LOG: RENDER: CwGame Component Mounted

[1A[2KBROWSER LOG: RENDER: CwGame Component Mounted

[1A[2KBROWSER LOG: RENDER: CwGame Component Mounted

[1A[2KBROWSER LOG: RENDER: CwGame Component Mounted

[1A[2KBROWSER LOG: RENDER: CwGame Component Mounted

[1A[2KBROWSER LOG: RENDER: CwGame Component Mounted

[1A[2KBROWSER LOG: RENDER: CwGame Component Mounted

[1A[2KBROWSER LOG: RENDER: CwGame Component Mounted

[1A[2KBROWSER LOG: RENDER: CwGame Component Mounted

[1A[2KBROWSER LOG: RENDER: CwGame Component Mounted

[1A[2KBROWSER LOG: RENDER: CwGame Component Mounted

[1A[2KBROWSER LOG: RENDER: CwGame Component Mounted

[1A[2KBROWSER LOG: RENDER: CwGame Component Mounted

[1A[2KBROWSER LOG: RENDER: CwGame Component Mounted

[1A[2KBROWSER LOG: RENDER: CwGame Component Mounted

[1A[2KBROWSER LOG: RENDER: CwGame Component Mounted

[1A[2KBROWSER LOG: RENDER: CwGame Component Mounted

[1A[2KBROWSER LOG: RENDER: CwGame Component Mounted

[1A[2KBROWSER LOG: RENDER: CwGame Component Mounted

[1A[2KBROWSER LOG: RENDER: CwGame Component Mounted

[1A[2KBROWSER LOG: RENDER: CwGame Component Mounted

[1A[2KBROWSER LOG: RENDER: CwGame Component Mounted

[1A[2KBROWSER LOG: RENDER: CwGame Component Mounted

[1A[2KBROWSER LOG: RENDER: CwGame Component Mounted

[1A[2KBROWSER LOG: RENDER: CwGame Component Mounted

[1A[2KBROWSER LOG: RENDER: CwGame Component Mounted

[1A[2KBROWSER LOG: RENDER: CwGame Component Mounted

[1A[2KBROWSER LOG: RENDER: CwGame Component Mounted

[1A[2KBROWSER LOG: RENDER: CwGame Component Mounted

[1A[2KBROWSER LOG: RENDER: CwGame Component Mounted

[1A[2KBROWSER LOG: RENDER: CwGame Component Mounted

[1A[2KBROWSER LOG: RENDER: CwGame Component Mounted

[1A[2KBROWSER LOG: RENDER: CwGame Component Mounted

[1A[2KBROWSER LOG: RENDER: CwGame Component Mounted

[1A[2KBROWSER LOG: RENDER: CwGame Component Mounted

[1A[2KBROWSER LOG: RENDER: CwGame Component Mounted

[1A[2KBROWSER LOG: RENDER: CwGame Component Mounted

[1A[2KBROWSER LOG: RENDER: CwGame Component Mounted

[1A[2KBROWSER LOG: RENDER: CwGame Component Mounted

[1A[2KBROWSER LOG: RENDER: CwGame Component Mounted

[1A[2KBROWSER LOG: RENDER: CwGame Component Mounted

[1A[2KBROWSER LOG: RENDER: CwGame Component Mounted

[1A[2KBROWSER LOG: RENDER: CwGame Component Mounted

[1A[2KBROWSER LOG: RENDER: CwGame Component Mounted

[1A[2KBROWSER LOG: RENDER: CwGame Component Mounted

[1A[2KBROWSER LOG: RENDER: CwGame Component Mounted

[1A[2KBROWSER LOG: RENDER: CwGame Component Mounted

[1A[2KBROWSER LOG: RENDER: CwGame Component Mounted

[1A[2KBROWSER LOG: RENDER: CwGame Component Mounted

[1A[2KBROWSER LOG: RENDER: CwGame Component Mounted

[1A[2KBROWSER LOG: RENDER: CwGame Component Mounted

[1A[2KBROWSER LOG: RENDER: CwGame Component Mounted

[1A[2KBROWSER LOG: RENDER: CwGame Component Mounted

[1A[2KBROWSER LOG: RENDER: CwGame Component Mounted

[1A[2KBROWSER LOG: RENDER: CwGame Component Mounted

[1A[2KBROWSER LOG: RENDER: CwGame Component Mounted

[1A[2KBROWSER LOG: RENDER: CwGame Component Mounted

[1A[2KBROWSER LOG: RENDER: CwGame Component Mounted

[1A[2KBROWSER LOG: RENDER: CwGame Component Mounted

[1A[2KBROWSER LOG: RENDER: CwGame Component Mounted

[1A[2KBROWSER LOG: RENDER: CwGame Component Mounted

[1A[2KBROWSER LOG: RENDER: CwGame Component Mounted

[1A[2KBROWSER LOG: RENDER: CwGame Component Mounted

[1A[2KBROWSER LOG: RENDER: CwGame Component Mounted

[1A[2KBROWSER LOG: RENDER: CwGame Component Mounted

[1A[2KBROWSER LOG: RENDER: CwGame Component Mounted

[1A[2KBROWSER LOG: RENDER: CwGame Component Mounted

[1A[2KBROWSER LOG: RENDER: CwGame Component Mounted

[1A[2KBROWSER LOG: RENDER: CwGame Component Mounted

[1A[2KBROWSER LOG: RENDER: CwGame Component Mounted

[1A[2KBROWSER LOG: RENDER: CwGame Component Mounted

[1A[2KBROWSER LOG: RENDER: CwGame Component Mounted

[1A[2KBROWSER LOG: RENDER: CwGame Component Mounted

[1A[2KBROWSER LOG: RENDER: CwGame Component Mounted

[1A[2KBROWSER LOG: RENDER: CwGame Component Mounted

[1A[2KBROWSER LOG: RENDER: CwGame Component Mounted

[1A[2KBROWSER LOG: RENDER: CwGame Component Mounted

[1A[2KBROWSER LOG: RENDER: CwGame Component Mounted

[1A[2KBROWSER LOG: RENDER: CwGame Component Mounted

[1A[2KBROWSER LOG: RENDER: CwGame Component Mounted

[1A[2KBROWSER LOG: RENDER: CwGame Component Mounted

[1A[2KBROWSER LOG: RENDER: CwGame Component Mounted

[1A[2KBROWSER LOG: RENDER: CwGame Component Mounted

[1A[2KBROWSER LOG: RENDER: CwGame Component Mounted

[1A[2KBROWSER LOG: RENDER: CwGame Component Mounted

[1A[2KBROWSER LOG: RENDER: CwGame Component Mounted

[1A[2KBROWSER LOG: RENDER: CwGame Component Mounted

[1A[2KBROWSER LOG: RENDER: CwGame Component Mounted

[1A[2KBROWSER LOG: RENDER: CwGame Component Mounted

[1A[2KBROWSER LOG: RENDER: CwGame Component Mounted

[1A[2KBROWSER LOG: RENDER: CwGame Component Mounted

[1A[2KBROWSER LOG: RENDER: CwGame Component Mounted

[1A[2KBROWSER LOG: RENDER: CwGame Component Mounted

[1A[2KBROWSER LOG: RENDER: CwGame Component Mounted

[1A[2KBROWSER LOG: RENDER: CwGame Component Mounted

[1A[2KBROWSER LOG: RENDER: CwGame Component Mounted

[1A[2KBROWSER LOG: RENDER: CwGame Component Mounted

[1A[2KBROWSER LOG: RENDER: CwGame Component Mounted

[1A[2KBROWSER LOG: RENDER: CwGame Component Mounted

[1A[2KBROWSER LOG: RENDER: CwGame Component Mounted

[1A[2KBROWSER LOG: RENDER: CwGame Component Mounted

[1A[2KBROWSER LOG: RENDER: CwGame Component Mounted

[1A[2KBROWSER LOG: RENDER: CwGame Component Mounted

[1A[2KBROWSER LOG: RENDER: CwGame Component Mounted

[1A[2KBROWSER LOG: RENDER: CwGame Component Mounted

[1A[2KBROWSER LOG: RENDER: CwGame Component Mounted

[1A[2KBROWSER LOG: RENDER: CwGame Component Mounted

[1A[2KBROWSER LOG: RENDER: CwGame Component Mounted

[1A[2KBROWSER LOG: RENDER: CwGame Component Mounted

[1A[2KBROWSER LOG: RENDER: CwGame Component Mounted

[1A[2KBROWSER LOG: RENDER: CwGame Component Mounted

[1A[2KBROWSER LOG: RENDER: CwGame Component Mounted

[1A[2KBROWSER LOG: RENDER: CwGame Component Mounted

[1A[2KBROWSER LOG: RENDER: CwGame Component Mounted

[1A[2KBROWSER LOG: RENDER: CwGame Component Mounted

[1A[2KBROWSER LOG: RENDER: CwGame Component Mounted

[1A[2KBROWSER LOG: RENDER: CwGame Component Mounted

[1A[2KBROWSER LOG: RENDER: CwGame Component Mounted

[1A[2KBROWSER LOG: RENDER: CwGame Component Mounted

[1A[2KBROWSER LOG: RENDER: CwGame Component Mounted

[1A[2KBROWSER LOG: RENDER: CwGame Component Mounted

[1A[2KBROWSER LOG: RENDER: CwGame Component Mounted

[1A[2KBROWSER LOG: RENDER: CwGame Component Mounted

[1A[2KBROWSER LOG: RENDER: CwGame Component Mounted

[1A[2KBROWSER LOG: RENDER: CwGame Component Mounted

[1A[2KBROWSER LOG: RENDER: CwGame Component Mounted

[1A[2KBROWSER LOG: RENDER: CwGame Component Mounted

[1A[2KBROWSER LOG: RENDER: CwGame Component Mounted

[1A[2KBROWSER LOG: RENDER: CwGame Component Mounted

[1A[2KBROWSER LOG: RENDER: CwGame Component Mounted

[1A[2KBROWSER LOG: RENDER: CwGame Component Mounted

[1A[2KBROWSER LOG: RENDER: CwGame Component Mounted

[1A[2KBROWSER LOG: RENDER: CwGame Component Mounted

[1A[2KBROWSER LOG: RENDER: CwGame Component Mounted

[1A[2KBROWSER LOG: RENDER: CwGame Component Mounted

[1A[2KBROWSER LOG: RENDER: CwGame Component Mounted

[1A[2KBROWSER LOG: RENDER: CwGame Component Mounted

[1A[2KBROWSER LOG: RENDER: CwGame Component Mounted

[1A[2KBROWSER LOG: RENDER: CwGame Component Mounted

[1A[2KBROWSER LOG: RENDER: CwGame Component Mounted

[1A[2KBROWSER LOG: RENDER: CwGame Component Mounted

[1A[2KBROWSER LOG: RENDER: CwGame Component Mounted

[1A[2KBROWSER LOG: RENDER: CwGame Component Mounted

[1A[2KBROWSER LOG: RENDER: CwGame Component Mounted

[1A[2KBROWSER LOG: RENDER: CwGame Component Mounted

[1A[2KBROWSER LOG: RENDER: CwGame Component Mounted

[1A[2KBROWSER LOG: RENDER: CwGame Component Mounted

[1A[2KBROWSER LOG: RENDER: CwGame Component Mounted

[1A[2KBROWSER LOG: RENDER: CwGame Component Mounted

[1A[2KBROWSER LOG: RENDER: CwGame Component Mounted

[1A[2KBROWSER LOG: RENDER: CwGame Component Mounted

[1A[2KBROWSER LOG: RENDER: CwGame Component Mounted

[1A[2KBROWSER LOG: RENDER: CwGame Component Mounted

[1A[2KBROWSER LOG: RENDER: CwGame Component Mounted

[1A[2KBROWSER LOG: RENDER: CwGame Component Mounted

[1A[2KBROWSER LOG: RENDER: CwGame Component Mounted

[1A[2KBROWSER LOG: RENDER: CwGame Component Mounted

[1A[2KBROWSER LOG: RENDER: CwGame Component Mounted

[1A[2KBROWSER LOG: RENDER: CwGame Component Mounted

[1A[2KBROWSER LOG: RENDER: CwGame Component Mounted

[1A[2KBROWSER LOG: RENDER: CwGame Component Mounted

[1A[2KBROWSER LOG: RENDER: CwGame Component Mounted

[1A[2KBROWSER LOG: RENDER: CwGame Component Mounted

[1A[2KBROWSER LOG: RENDER: CwGame Component Mounted

[1A[2KBROWSER LOG: RENDER: CwGame Component Mounted

[1A[2KBROWSER LOG: RENDER: CwGame Component Mounted

[1A[2KBROWSER LOG: RENDER: CwGame Component Mounted

[1A[2KBROWSER LOG: RENDER: CwGame Component Mounted

[1A[2KBROWSER LOG: RENDER: CwGame Component Mounted

[1A[2KBROWSER LOG: RENDER: CwGame Component Mounted

[1A[2KBROWSER LOG: RENDER: CwGame Component Mounted

[1A[2KBROWSER LOG: RENDER: CwGame Component Mounted

[1A[2KBROWSER LOG: RENDER: CwGame Component Mounted

[1A[2KBROWSER LOG: RENDER: CwGame Component Mounted

[1A[2KBROWSER LOG: RENDER: CwGame Component Mounted

[1A[2KBROWSER LOG: RENDER: CwGame Component Mounted

[1A[2KBROWSER LOG: RENDER: CwGame Component Mounted

[1A[2KBROWSER LOG: RENDER: CwGame Component Mounted

[1A[2KBROWSER LOG: RENDER: CwGame Component Mounted

[1A[2KBROWSER LOG: RENDER: CwGame Component Mounted

[1A[2KBROWSER LOG: RENDER: CwGame Component Mounted

[1A[2KBROWSER LOG: RENDER: CwGame Component Mounted

[1A[2KBROWSER LOG: RENDER: CwGame Component Mounted

[1A[2KBROWSER LOG: RENDER: CwGame Component Mounted

[1A[2KBROWSER LOG: RENDER: CwGame Component Mounted

[1A[2KBROWSER LOG: RENDER: CwGame Component Mounted

[1A[2KBROWSER LOG: RENDER: CwGame Component Mounted

[1A[2KBROWSER LOG: RENDER: CwGame Component Mounted

[1A[2KBROWSER LOG: RENDER: CwGame Component Mounted

[1A[2KBROWSER LOG: RENDER: CwGame Component Mounted

[1A[2KBROWSER LOG: RENDER: CwGame Component Mounted

[1A[2KBROWSER LOG: RENDER: CwGame Component Mounted

[1A[2KBROWSER LOG: RENDER: CwGame Component Mounted

[1A[2KBROWSER LOG: RENDER: CwGame Component Mounted

[1A[2KDEBUG STATE: {"health":4,"score":0,"isPlaying":true}

[1A[2K  6 passed (24.8s)
